student@T5:~$ cd ajce
student@T5:~/ajce$ cd mca
student@T5:~/ajce/mca$ cd lmca
student@T5:~/ajce/mca/lmca$ ls
ac.text  demo.txt  f1.txt  f2.txt  f3.txt  ga.txt  id101  id102  lla.txt  ll.txt  n1.txt  name.txt  place.txt
student@T5:~/ajce/mca/lmca$ find .-name ll.txt
find: ‘.-name’: No such file or directory
ll.txt
student@T5:~/ajce/mca/lmca$ find . -name ac.txt
student@T5:~/ajce/mca/lmca$ ac.txt
ac.txt: command not found
student@T5:~/ajce/mca/lmca$ find . -name ac.text
./ac.text
student@T5:~/ajce/mca/lmca$ find / -name ac.text
find: ‘/tmp/systemd-private-11fcb83783bd4c41982d9f9d846f79e1-systemd-resolved.service-52Jxms’: Permission denied
find: ‘/tmp/systemd-private-11fcb83783bd4c41982d9f9d846f79e1-systemd-timesyncd.service-Js6o4K’: Permission denied
find: ‘/tmp/systemd-private-11fcb83783bd4c41982d9f9d846f79e1-bolt.service-f4zT6S’: Permission denied
find: ‘/tmp/systemd-private-11fcb83783bd4c41982d9f9d846f79e1-colord.service-GCtlB9’: Permission denied
find: ‘/tmp/systemd-private-11fcb83783bd4c41982d9f9d846f79e1-fwupd.service-8MnGKe’: Permission denied
find: ‘/tmp/systemd-private-11fcb83783bd4c41982d9f9d846f79e1-rtkit-daemon.service-JhzOnF’: Permission denied
find: ‘/media’: Permission denied
find: ‘/proc/tty/driver’: Permission denied
find: ‘/proc/1/task/1/fd’: Permission denied
find: ‘/proc/1/task/1/fdinfo’: Permission denied
find: ‘/proc/1/task/1/ns’: Permission denied
find: ‘/proc/1/fd’: Permission denied
find: ‘/proc/1/map_files’: Permission denied
find: ‘/proc/1/fdinfo’: Permission denied
find: ‘/proc/1/ns’: Permission denied
find: ‘/proc/2/task/2/fd’: Permission denied
find: ‘/proc/2/task/2/fdinfo’: Permission denied
find: ‘/proc/2/task/2/ns’: Permission denied
find: ‘/proc/2/fd’: Permission denied
find: ‘/proc/2/map_files’: Permission denied
find: ‘/proc/2/fdinfo’: Permission denied
find: ‘/proc/2/ns’: Permission denied
find: ‘/proc/4/task/4/fd’: Permission denied
find: ‘/proc/4/task/4/fdinfo’: Permission denied
find: ‘/proc/4/task/4/ns’: Permission denied
find: ‘/proc/4/fd’: Permission denied
find: ‘/proc/4/map_files’: Permission denied
find: ‘/proc/4/fdinfo’: Permission denied
find: ‘/proc/4/ns’: Permission denied
find: ‘/proc/6/task/6/fd’: Permission denied
find: ‘/proc/6/task/6/fdinfo’: Permission denied
find: ‘/proc/6/task/6/ns’: Permission denied
find: ‘/proc/6/fd’: Permission denied
find: ‘/proc/6/map_files’: Permission denied
find: ‘/proc/6/fdinfo’: Permission denied
find: ‘/proc/6/ns’: Permission denied
find: ‘/proc/7/task/7/fd’: Permission denied
find: ‘/proc/7/task/7/fdinfo’: Permission denied
find: ‘/proc/7/task/7/ns’: Permission denied
find: ‘/proc/7/fd’: Permission denied
find: ‘/proc/7/map_files’: Permission denied
find: ‘/proc/7/fdinfo’: Permission denied
find: ‘/proc/7/ns’: Permission denied
find: ‘/proc/8/task/8/fd’: Permission denied
find: ‘/proc/8/task/8/fdinfo’: Permission denied
find: ‘/proc/8/task/8/ns’: Permission denied
find: ‘/proc/8/fd’: Permission denied
find: ‘/proc/8/map_files’: Permission denied
find: ‘/proc/8/fdinfo’: Permission denied
find: ‘/proc/8/ns’: Permission denied
find: ‘/proc/9/task/9/fd’: Permission denied
find: ‘/proc/9/task/9/fdinfo’: Permission denied
find: ‘/proc/9/task/9/ns’: Permission denied
find: ‘/proc/9/fd’: Permission denied
find: ‘/proc/9/map_files’: Permission denied
find: ‘/proc/9/fdinfo’: Permission denied
find: ‘/proc/9/ns’: Permission denied
find: ‘/proc/10/task/10/fd’: Permission denied
find: ‘/proc/10/task/10/fdinfo’: Permission denied
find: ‘/proc/10/task/10/ns’: Permission denied
find: ‘/proc/10/fd’: Permission denied
find: ‘/proc/10/map_files’: Permission denied
find: ‘/proc/10/fdinfo’: Permission denied
find: ‘/proc/10/ns’: Permission denied
find: ‘/proc/11/task/11/fd’: Permission denied
find: ‘/proc/11/task/11/fdinfo’: Permission denied
find: ‘/proc/11/task/11/ns’: Permission denied
find: ‘/proc/11/fd’: P
find: ‘/proc/16/task/16/fdinfo’: Permission denied
find: ‘/proc/16/task/16/ns’: Permission denied
find: ‘/proc/16/fd’: Permission denied
find: ‘/proc/16/map_files’: Permission denied
find: ‘/proc/16/fdinfo’: Permission denied
find: ‘/proc/16/ns’: Permission denied
find: ‘/proc/18/task/18/fd’: Permission denied
find: ‘/proc/18/task/18/fdinfo’: Permission denied
find: ‘/proc/18/task/18/ns’: Permission denied
find: ‘/proc/18/fd’: Permission denied
find: ‘/proc/18/map_files’: Permission denied
find: ‘/proc/18/fdinfo’: Permission denied
find: ‘/proc/18/ns’: Permission denied
find: ‘/proc/19/task/19/fd’: Permission denied
find: ‘/proc/19/task/19/fdinfo’: Permission denied
find: ‘/proc/19/task/19/ns’: Permission denied
find: ‘/proc/19/fd’: Permission denied
find: ‘/proc/19/map_files’: Permission denied
find: ‘/proc/19/fdinfo’: Permission denied
find: ‘/proc/19/ns’: Permission denied
find: ‘/proc/20/task/20/fd’: Permission denied
find: ‘/proc/20/task/20/fdinfo’: Permission denied
find: ‘/proc/20/task/20/ns’: Permission denied
find: ‘/proc/20/fd’: Permission denied
find: ‘/proc/20/map_files’: Permission denied
find: ‘/proc/20/fdinfo’: Permission denied
find: ‘/proc/20/ns’: Permission denied
find: ‘/proc/21/task/21/fd’: Permission denied
find: ‘/proc/21/task/21/fdinfo’: Permission denied
find: ‘/proc/21/task/21/ns’: Permission denied
find: ‘/proc/21/fd’: Permission denied
find: ‘/proc/21/map_files’: Permission denied
find: ‘/proc/21/fdinfo’: Permission denied
find: ‘/proc/21/ns’: Permission denied
find: ‘/proc/22/task/22/fd’: Permission denied
find: ‘/proc/22/task/22/fdinfo’: Permission denied
find: ‘/proc/22/task/22/ns’: Permission denied
find: ‘/proc/22/fd’: Permission denied
find: ‘/proc/
find: ‘/proc/28/fdinfo’: Permission denied
find: ‘/proc/28/ns’: Permission denied
find: ‘/proc/30/task/30/fd’: Permission denied
find: ‘/proc/30/task/30/fdinfo’: Permission denied
find: ‘/proc/30/task/30/ns’: Permission denied
find: ‘/proc/30/fd’: Permission denied
find: ‘/proc/3
find: ‘/proc/33/task/33/fdinfo’: Permission denied
find: ‘/proc/33/task/33/ns’: Permission denied
find: ‘/proc/33/fd’: Permission denied
find: ‘/proc/33/map_files’: Permission denied
find: ‘/proc/33/fdinfo’: Permission denied
find: ‘/proc/33/ns’: Permission denied
find: ‘/proc/34/task/34/fd’: Permission denied
find: ‘/proc/34/task/34/fdinfo’: Permission denied
find: ‘/proc/34/task/34/ns’: Permission denied
find: ‘/proc/34/fd’: Permission denied
find: ‘/proc/34/map_files’: Permission denied
find: ‘/proc/34/fdinfo’: Permission denied
find: ‘/proc/34/ns’: Permission denied
find: ‘/proc/35/task/35/fd’: Permission denied
find: ‘/proc/35/task/35/fdinfo’: Permission denied
find: ‘/proc/35/task/35/ns’: Permission denied
find: ‘/proc/35/fd’: Permission denied
find: ‘/proc/35/map_files’: Permission denied
find: ‘/proc/35/fdinfo’: Permission denied
find: ‘/proc/35/ns’: Permission denied
find: ‘/proc/36/task/36/fd’: Permission denied
find: ‘/proc/36/task/36/fdinfo’: Permission denied
find: ‘/proc/36/task/36/ns’: Permission denied
find: ‘/proc/36/fd’: Permission denied
find: ‘/proc/36/map_files’: Permission denied
find: ‘/proc/36/fdinfo’: Permission denied
find: ‘/proc/36/ns’: Permission denied
find: ‘/proc/38/task/38/fd’: Permission denied
find: ‘/proc/38/task/38/fdinfo’: Permission denied
find: ‘/proc/38/task/38/ns’: Permission denied
find: ‘/proc/38/fd’: Permission denied
find: ‘/proc/38/map_files’: Permission denied
find: ‘/proc/38/fdinfo’: Permission denied
find: ‘/proc/38/ns’: Permission denied
find: ‘/proc/39/task/39/fd’: Permission denied
find: ‘/proc/39/task/39/fdinfo’: Permission denied
find: ‘/proc/39/task/39/ns’: Permission denied
find: ‘/proc/39/fd’: Permission denied
find: ‘/proc/39/map_files’: Permission denied
find: ‘/proc/39/fdinfo’: Permission denied
find: ‘/proc/39/ns’: Permission denied
find: ‘/proc/40/task/40/fd’: Permission denied
find: ‘/proc/40/task/40/fdinfo’: Permission denied
find: ‘/proc/40/task/40/ns’: Permission denied
find: ‘/proc/40/fd’: Permission denied
find: ‘/proc/40/map_files’: Permission denied
find: ‘/proc/40/fdinfo’: Permission denied
find: ‘/proc/40/ns’: Permission denied
find: ‘/proc/41/task/41/fd’: Permission denied
find: ‘/proc/41/task/41/fdinfo’: Permission denied
find: ‘/proc/41/task/41/ns’: Permission denied
find: ‘/proc/41/fd’: Permission denied
find: ‘/proc/41/map_files’: Permission denied
find: ‘/proc/41/fdinfo’: Permission denied
find: ‘/proc/41/ns’: Permission denied
find: ‘/proc/42/task/42/fd’: Permission denied
find: ‘/proc/42/task/42/fdinfo’: Permission denied
find: ‘/proc/42/task/42/ns’: Permission denied
find: ‘/proc/42/fd’: Permission denied
find: ‘/proc/42/map_files’: Permission denied
find: ‘/proc/42/fdinfo’: Permission denied
find: ‘/proc/42/ns’: Permission denied
find: ‘/proc/43/task/43/fd’: Permission denied
find: ‘/proc/43/task/43/fdinfo’: Permission denied
find: ‘/proc/43/task/43/ns’: Permission denied
find: ‘/proc/43/fd’: Permission denied
find: ‘/proc/43/map_files’: Permission denied
find: ‘/proc/43/fdinfo’: Permission denied
find: ‘/proc/43/ns’: Permission denied
find: ‘/proc/44/task/44/fd’: Permission denied
find: ‘/proc/44/task/44/fdinfo’: Permission denied
find: ‘/proc/44/task/44/ns’: Permission denied
find: ‘/proc/44/fd’: Permission denied
find: ‘/proc/44/map_files’: Permission denied
find: ‘/proc/44/fdinfo’: Permission denied
find: ‘/proc/44/ns’: Permission denied
find: ‘/proc/45/task/45/fd’: Permission denied
find: ‘/proc/45/task/45/fdinfo’: Permission denied
find: ‘/proc/45/task/45/ns’: Permission denied
find: ‘/proc/45/fd’: Permission denied
find: ‘/proc/45/map_files’: Permission denied
find: ‘/proc/45/fdinfo’: Permission denied
find: ‘/proc/45/ns’: Permission denied
find: ‘/proc/46/task/46/fd’: Permission denied
find: ‘/proc/46/task/46/fdinfo’: Permission denied
find: ‘/proc/46/task/46/ns’: Permission denied
find: ‘/proc/46/fd’: Permission denied
find: ‘/proc/46/map_files’: Permission denied
find: ‘/proc/46/fdinfo’: Permission denied
find: ‘/proc/46/ns’: Permission denied
find: ‘/proc/47/task/47/fd’: Permission denied
find: ‘/proc/47/task/47/fdinfo’: Permission denied
find: ‘/proc/47/task/47/ns’: Permission denied
find: ‘/proc/47/fd’: Permission denied
find: ‘/proc/47/m
find: ‘/proc/51/task/51/fd’: Permission denied
find: ‘/proc/51/task/51/fdinfo’: Permission denied
find: ‘/proc/51/task/51/ns’: Permission denied
find: ‘/proc/51/fd’: Permission denied
find: ‘/proc/51/map_files’: Permission denied
find: ‘/proc/51/fdinfo’: Permission denied
find: ‘/proc/51/ns’: Permission denied
find: ‘/proc/52/task/52/fd’: Permission denied
find: ‘/proc/52/task/52/fdinfo’: Permission denied
find: ‘/proc/52/task/52/ns’: Permission denied
find: ‘/proc/52/fd’: Permission denied
find: ‘/proc/52/map_files’: Permission denied
find: ‘/proc/52/fdinfo’: Permission denied
find: ‘/proc/52/ns’: Permission denied
find: ‘/proc/55/task/55/fd’: Permission denied
find: ‘/proc/55/task/55/fdinfo’: Permission denied
find: ‘/proc/55/task/55/ns’: Permission denied
find: ‘/proc/55/fd’: Permission denied
find: ‘/proc/55/map_files’: Permission denied
find: ‘/proc/55/fdinfo’: Permission denied
find: ‘/proc/55/ns’: Permission denied
find: ‘/proc/56/task/56/fd’: Permission denied
find: ‘/proc/56/task/56/fdinfo’: Permission denied
find: ‘/proc/56/task/56/ns’: Permission denied
find: ‘/proc/56/fd’: Permission denied
find: ‘/proc/56/map_files’: Permission denied
find: ‘/proc/56/fdinfo’: Permission denied
find: ‘/proc/56/ns’: Permission denied
find: ‘/proc/98/task/98/fd’: Permission denied
find: ‘/proc/98/task/98/fdinfo’: Permission denied
find: ‘/proc/98/task/98/ns’: Permission denied
find: ‘/proc/98/fd’: Permission d
find: ‘/proc/112/fdinfo’: Permission denied
find: ‘/proc/112/ns’: Permission denied
find: ‘/proc/129/task/129/fd’: Permission denied
find: ‘/proc/129/task/129/fdinfo’: Permission denied
find: ‘/proc/129/task/129/ns’: Permission denied
find: ‘/proc/129/fd’: Permission denied
find: ‘/proc/129/map_files’: Permission denied
find: ‘/proc/129/fdinfo’: Permission denied
find: ‘/proc/129/ns’: Permission denied
find: ‘/proc/180/task/180/fd’: Permission denied
find: ‘/proc/180/task/180/fdinfo’: Permission denied
find: ‘/proc/180/task/180/ns’: Permission denied
find: ‘/proc/180/fd’: Permission denied
find: ‘/proc/180/map_files’: Permission denied
find: ‘/proc/180/fdinfo’: Permission denied
find: ‘/proc/180/ns’: Permission denied
find: ‘/proc/181/task/181/fd’: Permission denied
find: ‘/proc/181/task/181/fdinfo’: Permission denied
find: ‘/proc/181/task/181/ns’: Permission denied
find: ‘/proc/181/fd’: Permission denied
find: ‘/proc/181/map_files’: Permission denied
find: ‘/proc/181/fdinfo’: Permission denied
find: ‘/proc/181/ns’: Permission denied
find: ‘/proc/182/task/182/fd’: Permission denied
find: ‘/proc/182/task/182/fdinfo’: Permission denied
find: ‘/proc/182/task/182/ns’: Permission denied
find: ‘/proc/182/fd’: Permission denied
find: ‘/proc/182/map_files’: Permission denied
find: ‘/proc/182/fdinfo’: Permission denied
find: ‘/proc/182/ns’: Permission denied
find: ‘/proc/183/task/183/fd’: Permission denied
find: ‘/proc/183/task/183/fdinfo’: Permission denied
find: ‘/proc/183/task/183/ns’: Permission denied
find: ‘/proc/183/fd’: Permission denied
find: ‘/proc/183/map_files’: Permission denied
find: ‘/proc/183/fdinfo’: Permission denied
find: ‘/proc/183/ns’: Permission denied
find: ‘/proc/184/task/184/fd’: Permission denied
find: ‘/proc/184/task/184/fdinfo’: Permission denied
find: ‘/proc/184/task/184/ns’: Permission denied
find: ‘/proc/184/fd’: Permission denied
find: ‘/proc/184/map_files’: Permission denied
find: ‘/proc/184/fdinfo’: Permission denied
find: ‘/proc/184/ns’: Permission denied
find: ‘/proc/185/task/185/fd’: Permission denied
find: ‘/proc/185/task/185/fdinfo’: Permission denied
find: ‘/proc/185/task/185/ns’: Permission denied
find: ‘/proc/185/fd’: Permission denied
find: ‘/proc/185/map_files’: Permission denied
find: ‘/proc/185/fdinfo’: Permission denied
find: ‘/proc/185/ns’: Permission denied
find: ‘/proc/186/task/186/fd’: Permission denied
find: ‘/proc/186/task/186/fdinfo’: Permission denied
find: ‘/proc/186/task/186/ns’: Permission denied
find: ‘/proc/186/fd’: Permission denied
find: ‘/proc/186/map_files’: Permission denied
find: ‘/proc/186/fdinfo’: Permission denied
find: ‘/proc/186/ns’: Permission denied
find: ‘/proc/187/task/187/fd’: Permission denied
find: ‘/proc/187/task/187/fdinfo’: Permission denied
find: ‘/proc/187/task/187/ns’: Permission denied
find: ‘/proc/187/fd’: Permission denied
find: ‘/proc/187/map_files’: Permission denied
find: ‘/proc/187/fdinfo’: Permission denied
find: ‘/proc/187/ns’: Permission denied
find: ‘/proc/188/task/188/fd’: Permission denied
find: ‘/proc/188/task/188/fdinfo’: Permission denied
find: ‘/proc/188/task/188/ns’: Permission denied
find: ‘/proc/188/fd’: Permission denied
find: ‘/proc/188/map_files’: Permission denied
find: ‘/proc/188/fdinfo’: Permission denied
find: ‘/proc/188/ns’: Permission denied
find: ‘/proc/189/task/189/fd’: Permission denied
find: ‘/proc/189/task/189/fdinfo’: Permission denied
find: ‘/proc/189/task/189/ns’: Permission denied
find: ‘/proc/189/fd’: Permission denied
find: ‘/proc/189/map_files’: Permission denied
find: ‘/proc/189/fdinfo’: Permission denied
find: ‘/proc/189/ns’: Permission denied
find: ‘/proc/190/task/190/fd’: Permission denied
find: ‘/proc/190/task/190/fdinfo’: Permission denied
find: ‘/proc/190/task/190/ns’: Permission denied
find: ‘/proc/190/fd’: Permission denied
find: ‘/proc/190/map_files’: Permission denied
find: ‘/proc/190/fdinfo’: Permission denied
find: ‘/proc/190/ns’: Permission denied
find: ‘/proc/191/task/191/fd’: Permission denied
find: ‘/proc/191/task/191/fdinfo’: Permission denied
find: ‘/proc/191/task/191/ns’: Permission denied
find: ‘/proc/191/fd’: Permission denied
find: ‘/proc/191/map_files’: Permission denied
find: ‘/proc/191/fdinfo’: Permission denied
find: ‘/proc/191/ns’: Permission denied
find: ‘/proc/192/task/192/fd’: Permission denied
find: ‘/proc/192/task/192/fdinfo’: Permission denied
find: ‘/proc/192/task/192/ns’: Permission denied
find: ‘/proc/192/fd’: Permission denied
find: ‘/proc/192/map_files’: Permission denied
find: ‘/proc/192/fdinfo’: Permission denied
find: ‘/proc/192/ns’: Permission denied
find: ‘/proc/194/task/194/fd’: Permission denied
find: ‘/proc/194/task/194/fdinfo’: Permission denied
find: ‘/proc/194/task/194/ns’: Permission denied
find: ‘/proc/194/fd’: Permission denied
find: ‘/proc/194/map_files’: Permission denied
find: ‘/proc/194/fdinfo’: Permission denied
find: ‘/proc/194/ns’: Permission denied
find: ‘/proc/195/task/195/fd’: Permission denied
find: ‘/proc/195/task/195/fdinfo’: Permission denied
find: ‘/proc/195/task/195/ns’: Permission denied
find: ‘/proc/195/fd’: Permission denied
find: ‘/proc/195/map_files’: Permission denied
find: ‘/proc/195/fdinfo’: Permission denied
find: ‘/proc/195/ns’: Permission denied
find: ‘/proc/196/task/196/fd’: Permission denied
find: ‘/proc/196/task/196/fdinfo’: Permission denied
find: ‘/proc/196/task/196/ns’: Permission denied
find: ‘/proc/196/fd’: Permission denied
find: ‘/proc/196/map_files’: Permission denied
find: ‘/proc/196/fdinfo’: Permission denied
find: ‘/proc/196/ns’: Permission denied
find: ‘/proc/197/task/197/fd’: Permission denied
find: ‘/proc/197/task/197/fdinfo’: Permission denied
find: ‘/proc/197/task/197/ns’: Permission denied
find: ‘/proc/197/fd’: Permission denied
find: ‘/proc/197/map_files’: Permission denied
find: ‘/proc/197/fdinfo’: Permission denied
find: ‘/proc/197/ns’: Permission denied
find: ‘/proc/198/task/198/fd’: Permission denied
find: ‘/proc/198/task/198/fdinfo’: Permission denied
find: ‘/proc/198/task/198/ns’: Permission denied
find: ‘/proc/198/fd’: Permission denied
find: ‘/proc/198/map_files’: Permission denied
find: ‘/proc/198/fdinfo’: Permission denied
find: ‘/proc/198/ns’: Permission denied
find: ‘/proc/199/task/199/fd’: Permission denied
find: ‘/proc/199/task/199/fdinfo’: Permission denied
find: ‘/proc/199/task/199/ns’: Permission denied
find: ‘/proc/199/fd’: Permission denied
find: ‘/proc/199/map_files’: Permission denied
find: ‘/proc/199/fdinfo’: Permission denied
find: ‘/proc/199/ns’: Permission denied
find: ‘/proc/200/task/200/fd’: Permission denied
find: ‘/proc/200/task/200/fdinfo’: Permission denied
find: ‘/proc/200/task/200/ns’: Permission denied
find: ‘/proc/200/fd’: Permission denied
find: ‘/proc/200/map_files’: Permission denied
find: ‘/proc/200/fdinfo’: Permission denied
find: ‘/proc/200/ns’: Permission denied
find: ‘/proc/201/task/201/fd’: Permission denied
find: ‘/proc/201/task/201/fdinfo’: Permission denied
find: ‘/proc/201/task/201/ns’: Permission denied
find: ‘/proc/201/fd’: Permission denied
find: ‘/proc/201/map_files’: Permission denied
find: ‘/proc/201/fdinfo’: Permission denied
find: ‘/proc/201/ns’: Permission denied
find: ‘/proc/202/tas
find: ‘/proc/216/task/216/fd’: Permission denied
find: ‘/proc/216/task/216/fdinfo’: Permission denied
find: ‘/proc/216/task/216/ns’: Permission denied
find: ‘/proc/216/fd’: Permission denied
find: ‘/proc/216/map_files’: Permission denied
find: ‘/proc/216/fdinfo’: Permission denied
find: ‘/proc/216/ns’: Permission denied
find: ‘/proc/244/task/244/fd’: Permission denied
find: ‘/proc/244/task/244/fdinfo’: Permission denied
find: ‘/proc/244/task/244/ns’: Permission denied
find: ‘/proc/244/fd’: Permission denied
find: ‘/proc/244/map_files’: Permission denied
find: ‘/proc/244/fdinfo’: Permission denied
find: ‘/proc/244/ns’: Permission denied
find: ‘/proc/246/task/246/fd’: Permission denied
find: ‘/proc/246/task/246/fdinfo’: Permission denied
find: ‘/proc/246/task/246/ns’: Permission denied
find: ‘/proc/246/fd’: Permission denied
find: ‘/proc/246/map_files’: Permission denied
find: ‘/proc/246/fdinfo’: Permission denied
find: ‘/proc/246/ns’: Permission denied
find: ‘/proc/247/task/247/fd’: Permission denied
find: ‘/proc/247/task/247/fdinfo’: Permission denied
find: ‘/proc/247/task/247/ns’: Permission denied
find: ‘/proc/247/fd’: Permission denied
find: ‘/proc/247/map_files’: Permission denied
find: ‘/proc/247/fdinfo’: Permission denied
find: ‘/proc/247/ns’: Permission denied
find: ‘/proc/279/task/279/fd’: Permission denied
find: ‘/proc/279/task/279/fdinfo’: Permission denied
find: ‘/proc/279/task/279/ns’: Permission denied
find: ‘/proc/279/fd’: Permission denied
find: ‘/proc/279/map_files’: Permission denied
find: ‘/proc/279/fdinfo’: Permission denied
find: ‘/proc/279/ns’: Permission denied
find: ‘/proc/287/task/287/fd’: Permission denied
find: ‘/proc/287/task/287/fdinfo’: Permission denied
find: ‘/proc/287/task/287/ns’: Permission denied
find: ‘/proc/287/fd’: Permission denied
find: ‘/proc/287/map_files’: Permission denied
find: ‘/proc/287/fdinfo’: Permission denied
find: ‘/proc/287/ns’: Permission denied
find: ‘/proc/299/task/299/fd’: Permission denied
find: ‘/proc/299/task/299/fdinfo’: Permission denied
find: ‘/proc/299/task/299/ns’: Permission denied
find: ‘/proc/299/fd’: Permission denied
find: ‘/proc/299/map_files’: Permission denied
find: ‘/proc/299/fdinfo’: Permission denied
find: ‘/proc/299/ns’: Permission denied
find: ‘/proc/303/task/303/fd’: Permission denied
find: ‘/proc/303/task/303/fdinfo’: Permission denied
find: ‘/proc/303/task/303/ns’: Permission denied
find: ‘/proc/303/fd’: Permission denied
find: ‘/proc/303/map_files’: Permission denied
find: ‘/proc/303/fdinfo’: Permission denied
find: ‘/proc/303/ns’: Permission denied
find: ‘/proc/306/task/306/fd’: Permission denied
find: ‘/proc/306/task/306/fdinfo’: Permission denied
find: ‘/proc/306/task/306/ns’: Permission denied
find: ‘/proc/306/fd’: Permission denied
find: ‘/proc/306/map_files’: Permission denied
find: ‘/proc/306/fdinfo’: Permission denied
find: ‘/proc/306/ns’: Permission denied
find: ‘/proc/307/task/307/fd’: Permission denied
find: ‘/proc/307/task/307/fdinfo’: Permission denied
find: ‘/proc/307/task/307/ns’: Permission denied
find: ‘/proc/307/fd’: Permission denied
find: ‘/proc/307/map_files’: Permission denied
find: ‘/proc/307/fdinfo’: Permission denied
find: ‘/proc/307/ns’: Permission denied
find: ‘/proc/309/task/309/fd’: Permission denied
find: ‘/proc/309/task/309/fdinfo’: Permission denied
find: ‘/proc/309/task/309/ns’: Permission denied
find: ‘/proc/309/fd’: Permission denied
find: ‘/proc/309/map_files’: Permission denied
find: ‘/proc/309/fdinfo’: Permission denied
find: ‘/proc/309/ns’: Permission denied
find: ‘/proc/311/task/311/fd’: Permission denied
find: ‘/proc/311/task/311/fdinfo’: Permission denied
find: ‘/proc/311/task/311/ns’: Permission denied
find: ‘/proc/311/fd’: Permission denied
find: ‘/proc/311/map_files’: Permission denied
find: ‘/proc/311/fdinfo’: Permission denied
find: ‘/proc/311/ns’: Permission denied
find: ‘/proc/316/task/316/fd’: Permission denied
find: ‘/proc/316/task/316/fdinfo’: Permission denied
find: ‘/proc/316/task/316/ns’: Permission denied
find: ‘/proc/316/fd’: Permission denied
find: ‘/proc/316/map_files’: Permission denied
find: ‘/proc/316/fdinfo’: Permission denied
find: ‘/proc/316/ns’: Permission denied
find: ‘/proc/320/task/320/fd’: Permission denied
find: ‘/proc/320/task/320/fdinfo’: Permission denied
find: ‘/proc/320/task/320/ns’: Permission denied
find: ‘/proc/320/fd’: Permission denied
find: ‘/proc/320/map_files’: Permission denied
find: ‘/proc/320/fdinfo’: Permission denied
find: ‘/proc/320/ns’: Permission denied
find: ‘/proc/322/task/322/fd’: Permission denied
find: ‘/proc/322/task/322/fdinfo’: Permission denied
find: ‘/proc/322/task/322/ns’: Permission denied
find: ‘/proc/322/fd’: Permission denied
find: ‘/proc/322/map_files’: Permission denied
find: ‘/proc/322/fdinfo’: Permission denied
find: ‘/proc/322/ns’: Permission denied
find: ‘/proc/325/task/325/fd’: Permission denied
find: ‘/proc/325/task/325/fdinfo’: Permission denied
find: ‘/proc/325/task/325/ns’: Permission denied
find: ‘/proc/325/fd’: Permission denied
find: ‘/proc/325/map_files’: Permission denied
find: ‘/proc/325/fdinfo’: Permission denied
find: ‘/proc/325/ns’: Permission denied
find: ‘/proc/328/task/328/fd’: Permission denied
find: ‘/proc/328/task/328/fdinfo’: Permission denied
find: ‘/proc/328/task/328/ns’: Permission denied
find: ‘/proc/328/fd’: Permission denied
find: ‘/proc/328/map_files’: Permission denied
find: ‘/proc/328/fdinfo’: Permission denied
find: ‘/proc/328/ns’: Permission denied
find: ‘/proc/329/task/329/fd’: Permission denied
find: ‘/proc/329/task/329/fdinfo’: Permission denied
find: ‘/proc/329/task/329/ns’: Permission denied
find: ‘/proc/329/fd’: Permission denied
find: ‘/proc/329/map_files’: Permission denied
find: ‘/proc/329/fdinfo’: Permission denied
find: ‘/proc/329/ns’: Permission denied
find: ‘/proc/330/task/330/fd’: Permission denied
find: ‘/proc/330/task/330/fdinfo’: Permission denied
find: ‘/proc/330/task/330/ns’: Permission denied
find: ‘/proc/330/fd’: Permission denied
find: ‘/proc/330/map_files’: Permission denied
find: ‘/proc/330/fdinfo’: Permission denied
find: ‘/proc/330/ns’: Permission denied
find: ‘/proc/332/task/332/fd’: Permission denied
find: ‘/proc/332/task/332/fdinfo’: Permission denied
find: ‘/proc/332/task/332/ns’: Permission denied
find: ‘/proc/332/fd’: Permission denied
find: ‘/proc/332/map_files’: Permission denied
find: ‘/proc/332/fdinfo’: Permission denied
find: ‘/proc/332/ns’: Permission denied
find: ‘/proc/335/task/335/fd’: Permission denied
find: ‘/proc/335/task/335/fdinfo’: Permission denied
find: ‘/proc/335/task/335/ns’: Permission denied
find: ‘/proc/335/fd’: Permission denied
find: ‘/proc/335/map_files’: Permission denied
find: ‘/proc/335/fdinfo’: Permission denied
find: ‘/proc/335/ns’: Permission denied
find: ‘/proc/339/task/339/fd’: Permission denied
find: ‘/proc/339/task/339/fdinfo’: Permission denied
find: ‘/proc/339/task/339/ns’: Permission denied
find: ‘/proc/339/fd’: Permission denied
find: ‘/proc/339/map_files’: Permission denied
find: ‘/proc/339/fdinfo’: Permission denied
find: ‘/proc/339/ns’: Permission denied
find: ‘/proc/340/task/340/fd’: Permission denied
find: ‘/proc/340/task/340/fdinfo’: Permission denied
find: ‘/proc/340/task/340/ns’: Permission denied
find: ‘/proc/340/fd’: Permission denied
find: ‘/proc/340/map_files’: Permission denied
find: ‘/proc/340/fdinfo’: Permission denied
find: ‘/proc/340/ns’: Permission denied
find: ‘/proc/343/task/343/fd’: Permission denied
find: ‘/proc/343/task/343/fdinfo’: Permission denied
find: ‘/proc/343/task/343/ns’: Permission denied
find: ‘/proc/343/fd’: Permission denied
find: ‘/proc/343/map_files’: Permission denied
find: ‘/proc/343/fdinfo’: Permission denied
find: ‘/proc/343/ns’: Permission denied
find: ‘/proc/344/task/344/fd’: Permission denied
find: ‘/proc/344/task/344/fdinfo’: Permission denied
find: ‘/proc/344/task/344/ns’: Permission denied
find: ‘/proc/344/fd’: Permission denied
find: ‘/proc/344/map_files’: Permission denied
find: ‘/proc/344/fdinfo’: Permission denied
find: ‘/proc/344/ns’: Permission denied
find: ‘/proc/345/task/345/fd’: Permission denied
find: ‘/proc/345/task/345/fdinfo’: Permission denied
find: ‘/proc/345/task/345/ns’: Permission denied
find: ‘/proc/345/fd’: Permission denied
find: ‘/proc/345/map_files’: Permission denied
find: ‘/proc/345/fdinfo’: Permission denied
find: ‘/proc/345/ns’: Permission denied
find: ‘/proc/357/task/357/fd’: Permission denied
find: ‘/proc/357/task/357/fdinfo’: Permission denied
find: ‘/proc/357/task/357/ns’: Permission denied
find: ‘/proc/357/fd’: Permission denied
find: ‘/proc/357/map_files’: Permission denied
find: ‘/proc/357/fdinfo’: Permission denied
find: ‘/proc/357/ns’: Permission denied
find: ‘/proc/358/task/358/fd’: Permission denied
find: ‘/proc/358/task/358/fdinfo’: Permission denied
find: ‘/proc/358/task/358/ns’: Permission denied
find: ‘/proc/358/fd’: Permission denied
find: ‘/proc/358/map_files’: Permission denied
find: ‘/proc/358/fdinfo’: Permission denied
find: ‘/proc/358/ns’: Permission denied
find: ‘/proc/359/task/359/fd’: Permission denied
find: ‘/proc/359/task/359/fdinfo’: Permission denied
find: ‘/proc/359/task/359/ns’: Permission denied
find: ‘/proc/359/fd’: Permission denied
find: ‘/proc/359/map_files’: Permission denied
find: ‘/proc/359/fdinfo’: Permission denied
find: ‘/proc/359/ns’: Permission denied
find: ‘/proc/360/task/360/fd’: Permission denied
find: ‘/proc/360/task/360/fdinfo’: Permission denied
find: ‘/proc/360/task/360/ns’: Permission denied
find: ‘/proc/360/fd’: Permission denied
find: ‘/proc/360/map_files’: Permission denied
find: ‘/proc/360/fdinfo’: Permission denied
find: ‘/proc/360/ns’: Permission denied
find: ‘/proc/366/task/366/fd’: Permission denied
find: ‘/proc/366/task/366/fdinfo’: Permission denied
find: ‘/proc/366/task/366/ns’: Permission denied
find: ‘/proc/366/fd’: Permission denied
find: ‘/proc/366/map_files’: Permission denied
find: ‘/proc/366/fdinfo’: Permission denied
find: ‘/proc/366/ns’: Permission denied
find: ‘/proc/367/task/367/fd’: Permission denied
find: ‘/proc/367/task/367/fdinfo’: Permission denied
find: ‘/proc/367/task/367/ns’: Permission denied
find: ‘/proc/367/fd’: Permission denied
find: ‘/proc/367/map_files’: Permission denied
find: ‘/proc/367/fdinfo’: Permission denied
find: ‘/proc/367/ns’: Permission denied
find: ‘/proc/369/task/369/fd’: Permission denied
find: ‘/proc/369/task/369/fdinfo’: Permission denied
find: ‘/proc/369/task/369/ns’: Permission denied
find: ‘/proc/369/fd’: Permission denied
find: ‘/proc/369/map_files’: Permission denied
find: ‘/proc/369/fdinfo’: Permission denied
find: ‘/proc/369/ns’: Permission denied
find: ‘/proc/370/task/370/fd’: Permission denied
find: ‘/proc/370/task/370/fdinfo’: Permission denied
find: ‘/proc/370/task/370/ns’: Permission denied
find: ‘/proc/370/fd’: Permission denied
find: ‘/proc/370/map_files’: Permission denied
find: ‘/proc/370/fdinfo’: Permission denied
find: ‘/proc/370/ns’: Permission denied
find: ‘/proc/371/task/371/fd’: Permission denied
find: ‘/proc/371/task/371/fdinfo’: Permission denied
find: ‘/proc/371/task/371/ns’: Permission denied
find: ‘/proc/371/fd’: Permission denied
find: ‘/proc/371/map_files’: Permission denied
find: ‘/proc/371/fdinfo’: Permission denied
find: ‘/proc/371/ns’: Permission denied
find: ‘/proc/483/task/483/fd’: Permission denied
find: ‘/proc/483/task/483/fdinfo’: Permission denied
find: ‘/proc/483/task/483/ns’: Permission denied
find: ‘/proc/483/fd’: Permission denied
find: ‘/proc/483/map_files’: Permission denied
find: ‘/proc/483/fdinfo’: Permission denied
find: ‘/proc/483/ns’: Permission denied
find: ‘/proc/501/task/501/fd’: Permission denied
find: ‘/proc/501/task/501/fdinfo’: Permission denied
find: ‘/proc/501/task/501/ns’: Permission denied
find: ‘/proc/501/fd’: Permission denied
find: ‘/proc/501/map_files’: Permission denied
find: ‘/proc/501/fdinfo’: Permission denied
find: ‘/proc/501/ns’: Permission denied
find: ‘/proc/717/task/717/fd’: Permission denied
find: ‘/proc/717/task/717/fdinfo’: Permission denied
find: ‘/proc/717/task/717/ns’: Permission denied
find: ‘/proc/717/fd’: Permission denied
find: ‘/proc/717/map_files’: Permission denied
find: ‘/proc/717/fdinfo’: Permission denied
find: ‘/proc/717/ns’: Permission denied
find: ‘/proc/718/task/718/fd’: Permission denied
find: ‘/proc/718/task/718/fdinfo’: Permission denied
find: ‘/proc/718/task/718/ns’: Permission denied
find: ‘/proc/718/task/778/fd’: Permission denied
find: ‘/proc/718/task/778/fdinfo’: Permission denied
find: ‘/proc/718/task/778/ns’: Permission denied
find: ‘/proc/718/fd’: Permission denied
find: ‘/proc/718/map_files’: Permission denied
find: ‘/proc/718/fdinfo’: Permission denied
find: ‘/proc/718/ns’: Permission denied
find: ‘/proc/1026/task/1026/fd’: Permission denied
find: ‘/proc/1026/task/1026/fdinfo’: Permission denied
find: ‘/proc/1026/task/1026/ns’: Permission denied
find: ‘/proc/1026/task/1110/fd’: Permission denied
find: ‘/proc/1026/task/1110/fdinfo’: Permission denied
find: ‘/proc/1026/task/1110/ns’: Permission denied
find: ‘/proc/1026/task/1117/fd’: Permission denied
find: ‘/proc/1026/task/1117/fdinfo’: Permission denied
find: ‘/proc/1026/task/1117/ns’: Permission denied
find: ‘/proc/1026/fd’: Permission denied
find: ‘/proc/1026/map_files’: Permission denied
find: ‘/proc/1026/fdinfo’: Permission denied
find: ‘/proc/1026/ns’: Permission denied
find: ‘/proc/1027/task/1027/fd’: Permission denied
find: ‘/proc/1027/task/1027/fdinfo’: Permission denied
find: ‘/proc/1027/task/1027/ns’: Permission denied
find: ‘/proc/1027/task/1108/fd’: Permission denied
find: ‘/proc/1027/task/1108/fdinfo’: Permission denied
find: ‘/proc/1027/task/1108/ns’: Permission denied
find: ‘/proc/1027/task/1116/fd’: Permission denied
find: ‘/proc/1027/task/1116/fdinfo’: Permission denied
find: ‘/proc/1027/task/1116/ns’: Permission denied
find: ‘/proc/1027/fd’: Permission denied
find: ‘/proc/1027/map_files’: Permission denied
find: ‘/proc/1027/fdinfo’: Permission denied
find: ‘/proc/1027/ns’: Permission denied
find: ‘/proc/1028/task/1028/fd’: Permission denied
find: ‘/proc/1028/task/1028/fdinfo’: Permission denied
find: ‘/proc/1028/task/1028/ns’: Permission denied
find: ‘/proc/1028/fd’: Permission denied
find: ‘/proc/1028/map_files’: Permission denied
find: ‘/proc/1028/fdinfo’: Permission denied
find: ‘/proc/1028/ns’: Permission denied
find: ‘/proc/1029/task/1029/fd’: Permission denied
find: ‘/proc/1029/task/1029/fdinfo’: Permission denied
find: ‘/proc/1029/task/1029/ns’: Permission denied
find: ‘/proc/1029/fd’: Permission denied
find: ‘/proc/1029/map_files’: Permission denied
find: ‘/proc/1029/fdinfo’: Permission denied
find: ‘/proc/1029/ns’: Permission denied
find: ‘/proc/1031/task/1031/fd’: Permission denied
find: ‘/proc/1031/task/1031/fdinfo’: Permission denied
find: ‘/proc/1031/task/1031/ns’: Permission denied
find: ‘/proc/1031/fd’: Permission denied
find: ‘/proc/1031/map_files’: Permission denied
find: ‘/proc/1031/fdinfo’: Permission denied
find: ‘/proc/1031/ns’: Permission denied
find: ‘/proc/1032/task/1032/fd’: Permission denied
find: ‘/proc/1032/task/1032/fdinfo’: Permission denied
find: ‘/proc/1032/task/1032/ns’: Permission denied
find: ‘/proc/1032/fd’: Permission denied
find: ‘/proc/1032/map_files’: Permission denied
find: ‘/proc/1032/fdinfo’: Permission denied
find: ‘/proc/1032/ns’: Permission denied
find: ‘/proc/1042/task/1042/fd’: Permission denied
find: ‘/proc/1042/task/1042/fdinfo’: Permission denied
find: ‘/proc/1042/task/1042/ns’: Permission denied
find: ‘/proc/1042/task/1133/fd’: Permission denied
find: ‘/proc/1042/task/1133/fdinfo’: Permission denied
find: ‘/proc/1042/task/1133/ns’: Permission denied
find: ‘/proc/1042/task/1135/fd’: Permission denied
find: ‘/proc/1042/task/1135/fdinfo’: Permission denied
find: ‘/proc/1042/task/1135/ns’: Permission denied
find: ‘/proc/1042/fd’: Permission denied
find: ‘/proc/1042/map_files’: Permission denied
find: ‘/proc/1042/fdinfo’: Permission denied
find: ‘/proc/1042/ns’: Permission denied
find: ‘/proc/1043/task/1043/fd’: Permission denied
find: ‘/proc/1043/task/1043/fdinfo’: Permission denied
find: ‘/proc/1043/task/1043/ns’: Permission denied
find: ‘/proc/1043/fd’: Permission denied
find: ‘/proc/1043/map_files’: Permission denied
find: ‘/proc/1043/fdinfo’: Permission denied
find: ‘/proc/1043/ns’: Permission denied
find: ‘/proc/1044/task/1044/fd’: Permission denied
find: ‘/proc/1044/task/1044/fdinfo’: Permission denied
find: ‘/proc/1044/task/1044/ns’: Permission denied
find: ‘/proc/1044/task/1137/fd’: Permission denied
find: ‘/proc/1044/task/1137/fdinfo’: Permission denied
find: ‘/proc/1044/task/1137/ns’: Permission denied
find: ‘/proc/1044/fd’: Permission denied
find: ‘/proc/1044/map_files’: Permission denied
find: ‘/proc/1044/fdinfo’: Permission denied
find: ‘/proc/1044/ns’: Permission denied
find: ‘/proc/1045/task/1045/fd’: Permission denied
find: ‘/proc/1045/task/1045/fdinfo’: Permission denied
find: ‘/proc/1045/task/1045/ns’: Permission denied
find: ‘/proc/1045/fd’: Permission denied
find: ‘/proc/1045/map_files’: Permission denied
find: ‘/proc/1045/fdinfo’: Permission denied
find: ‘/proc/1045/ns’: Permission denied
find: ‘/proc/1047/task/1047/fd’: Permission denied
find: ‘/proc/1047/task/1047/fdinfo’: Permission denied
find: ‘/proc/1047/task/1047/ns’: Permission denied
find: ‘/proc/1047/task/1122/fd’: Permission denied
find: ‘/proc/1047/task/1122/fdinfo’: Permission denied
find: ‘/proc/1047/task/1122/ns’: Permission denied
find: ‘/proc/1047/task/1124/fd’: Permission denied
find: ‘/proc/1047/task/1124/fdinfo’: Permission denied
find: ‘/proc/1047/task/1124/ns’: Permission denied
find: ‘/proc/1047/task/1139/fd’: Permission denied
find: ‘/proc/1047/task/1139/fdinfo’: Permission denied
find: ‘/proc/1047/task/1139/ns’: Permission denied
find: ‘/proc/1047/task/1148/fd’: Permission denied
find: ‘/proc/1047/task/1148/fdinfo’: Permission denied
find: ‘/proc/1047/task/1148/ns’: Permission denied
find: ‘/proc/1047/fd’: Permission denied
find: ‘/proc/1047/map_files’: Permission denied
find: ‘/proc/1047/fdinfo’: Permission denied
find: ‘/proc/1047/ns’: Permission denied
find: ‘/proc/1052/task/1052/fd’: Permission denied
find: ‘/proc/1052/task/1052/fdinfo’: Permission denied
find: ‘/proc/1052/task/1052/ns’: Permission denied
find: ‘/proc/1052/fd’: Permission denied
find: ‘/proc/1052/map_files’: Permission denied
find: ‘/proc/1052/fdinfo’: Permission denied
find: ‘/proc/1052/ns’: Permission denied
find: ‘/proc/1053/task/1053/fd’: Permission denied
find: ‘/proc/1053/task/1053/fdinfo’: Permission denied
find: ‘/proc/1053/task/1053/ns’: Permission denied
find: ‘/proc/1053/task/1099/fd’: Permission denied
find: ‘/proc/1053/task/1099/fdinfo’: Permission denied
find: ‘/proc/1053/task/1099/ns’: Permission denied
find: ‘/proc/1053/fd’: Permission denied
find: ‘/proc/1053/map_files’: Permission denied
find: ‘/proc/1053/fdinfo’: Permission denied
find: ‘/proc/1053/ns’: Permission denied
find: ‘/proc/1058/task/1058/fd’: Permission denied
find: ‘/proc/1058/task/1058/fdinfo’: Permission denied
find: ‘/proc/1058/task/1058/ns’: Permission denied
find: ‘/proc/1058/fd’: Permission denied
find: ‘/proc/1058/map_files’: Permission denied
find: ‘/proc/1058/fdinfo’: Permission denied
find: ‘/proc/1058/ns’: Permission denied
find: ‘/proc/1060/task/1060/fd’: Permission denied
find: ‘/proc/1060/task/1060/fdinfo’: Permission denied
find: ‘/proc/1060/task/1060/ns’: Permission denied
find: ‘/proc/1060/task/1113/fd’: Permission denied
find: ‘/proc/1060/task/1113/fdinfo’: Permission denied
find: ‘/proc/1060/task/1113/ns’: Permission denied
find: ‘/proc/1060/task/1114/fd’: Permission denied
find: ‘/proc/1060/task/1114/fdinfo’: Permission denied
find: ‘/proc/1060/task/1114/ns’: Permission denied
find: ‘/proc/1060/task/1115/fd’: Permission denied
find: ‘/proc/1060/task/1115/fdinfo’: Permission denied
find: ‘/proc/1060/task/1115/ns’: Permission denied
find: ‘/proc/1060/fd’: Permission denied
find: ‘/proc/1060/map_files’: Permission denied
find: ‘/proc/1060/fdinfo’: Permission denied
find: ‘/proc/1060/ns’: Permission denied
find: ‘/proc/1075/task/1075/fd’: Permission denied
find: ‘/proc/1075/task/1075/fdinfo’: Permission denied
find: ‘/proc/1075/task/1075/ns’: Permission denied
find: ‘/proc/1075/task/1140/fd’: Permission denied
find: ‘/proc/1075/task/1140/fdinfo’: Permission denied
find: ‘/proc/1075/task/1140/ns’: Permission denied
find: ‘/proc/1075/fd’: Permission denied
find: ‘/proc/1075/map_files’: Permission denied
find: ‘/proc/1075/fdinfo’: Permission denied
find: ‘/proc/1075/ns’: Permission denied
find: ‘/proc/1078/task/1078/fd’: Permission denied
find: ‘/proc/1078/task/1078/fdinfo’: Permission denied
find: ‘/proc/1078/task/1078/ns’: Permission denied
find: ‘/proc/1078/task/1156/fd’: Permission denied
find: ‘/proc/1078/task/1156/fdinfo’: Permission denied
find: ‘/proc/1078/task/1156/ns’: Permission denied
find: ‘/proc/1078/task/1157/fd’: Permission denied
find: ‘/proc/1078/task/1157/fdinfo’: Permission denied
find: ‘/proc/1078/task/1157/ns’: Permission denied
find: ‘/proc/1078/task/1158/fd’: Permission denied
find: ‘/proc/1078/task/1158/fdinfo’: Permission denied
find: ‘/proc/1078/task/1158/ns’: Permission denied
find: ‘/proc/1078/task/1159/fd’: Permission denied
find: ‘/proc/1078/task/1159/fdinfo’: Permission denied
find: ‘/proc/1078/task/1159/ns’: Permission denied
find: ‘/proc/1078/task/1162/fd’: Permission denied
find: ‘/proc/1078/task/1162/fdinfo’: Permission denied
find: ‘/proc/1078/task/1162/ns’: Permission denied
find: ‘/proc/1078/task/1163/fd’: Permission denied
find: ‘/proc/1078/task/1163/fdinfo’: Permission denied
find: ‘/proc/1078/task/1163/ns’: Permission denied
find: ‘/proc/1078/task/1164/fd’: Permission denied
find: ‘/proc/1078/task/1164/fdinfo’: Permission denied
find: ‘/proc/1078/task/1164/ns’: Permission denied
find: ‘/proc/1078/task/1166/fd’: Permission denied
find: ‘/proc/1078/task/1166/fdinfo’: Permission denied
find: ‘/proc/1078/task/1166/ns’: Permission denied
find: ‘/proc/1078/task/1167/fd’: Permission denied
find: ‘/proc/1078/task/1167/fdinfo’: Permission denied
find: ‘/proc/1078/task/1167/ns’: Permission denied
find: ‘/proc/1078/task/1168/fd’: Permission denied
find: ‘/proc/1078/task/1168/fdinfo’: Permission denied
find: ‘/proc/1078/task/1168/ns’: Permission denied
find: ‘/proc/1078/fd’: Permission denied
find: ‘/proc/1078/map_files’: Permission denied
find: ‘/proc/1078/fdinfo’: Permission denied
find: ‘/proc/1078/ns’: Permission denied
find: ‘/proc/1089/task/1089/fd’: Permission denied
find: ‘/proc/1089/task/1089/fdinfo’: Permission denied
find: ‘/proc/1089/task/1089/ns’: Permission denied
find: ‘/proc/1089/task/1131/fd’: Permission denied
find: ‘/proc/1089/task/1131/fdinfo’: Permission denied
find: ‘/proc/1089/task/1131/ns’: Permission denied
find: ‘/proc/1089/task/1132/fd’: Permission denied
find: ‘/proc/1089/task/1132/fdinfo’: Permission denied
find: ‘/proc/1089/task/1132/ns’: Permission denied
find: ‘/proc/1089/fd’: Permission denied
find: ‘/proc/1089/map_files’: Permission denied
find: ‘/proc/1089/fdinfo’: Permission denied
find: ‘/proc/1089/ns’: Permission denied
find: ‘/proc/1118/task/1118/fd’: Permission denied
find: ‘/proc/1118/task/1118/fdinfo’: Permission denied
find: ‘/proc/1118/task/1118/ns’: Permission denied
find: ‘/proc/1118/task/1119/fd’: Permission denied
find: ‘/proc/1118/task/1119/fdinfo’: Permission denied
find: ‘/proc/1118/task/1119/ns’: Permission denied
find: ‘/proc/1118/task/1121/fd’: Permission denied
find: ‘/proc/1118/task/1121/fdinfo’: Permission denied
find: ‘/proc/1118/task/1121/ns’: Permission denied
find: ‘/proc/1118/fd’: Permission denied
find: ‘/proc/1118/map_files’: Permission denied
find: ‘/proc/1118/fdinfo’: Permission denied
find: ‘/proc/1118/ns’: Permission denied
find: ‘/proc/1130/task/1130/fd’: Permission denied
find: ‘/proc/1130/task/1130/fdinfo’: Permission denied
find: ‘/proc/1130/task/1130/ns’: Permission denied
find: ‘/proc/1130/fd’: Permission denied
find: ‘/proc/1130/map_files’: Permission denied
find: ‘/proc/1130/fdinfo’: Permission denied
find: ‘/proc/1130/ns’: Permission denied
find: ‘/proc/1211/task/1211/fd’: Permission denied
find: ‘/proc/1211/task/1211/fdinfo’: Permission denied
find: ‘/proc/1211/task/1211/ns’: Permission denied
find: ‘/proc/1211/task/1237/fd’: Permission denied
find: ‘/proc/1211/task/1237/fdinfo’: Permission denied
find: ‘/proc/1211/task/1237/ns’: Permission denied
find: ‘/proc/1211/task/1238/fd’: Permission denied
find: ‘/proc/1211/task/1238/fdinfo’: Permission denied
find: ‘/proc/1211/task/1238/ns’: Permission denied

find: ‘/proc/1484/fdinfo’: Permission denied
find: ‘/proc/1484/ns’: Permission denied
find: ‘/proc/1486/task/1486/fd’: Permission denied
find: ‘/proc/1486/task/1486/fdinfo’: Permission denied
find: ‘/proc/1486/task/1486/ns’: Permission denied
find: ‘/proc/1486/task/1487/fd’: Permission denied
find: ‘/proc/1486/task/1487/fdinfo’: Permission denied
find: ‘/proc/1486/task/1487/ns’: Permission denied
find: ‘/proc/1486/task/1488/fd’: Permission denied
find: ‘/proc/1486/task/1488/fdinfo’: Permission denied
find: ‘/proc/1486/task/1488/ns’: Permission denied
find: ‘/proc/1486/fd’: Permission denied
find: ‘/proc/1486/map_files’: Permission denied
find: ‘/proc/1486/fdinfo’: Permission denied
find: ‘/proc/1486/ns’: Permission denied
find: ‘/proc/1491/task/1491/fd’: Permission denied
find: ‘/proc/1491/task/1491/fdinfo’: Permission denied
find: ‘/proc/1491/task/1491/ns’: Permission denied
find: ‘/proc/1491/task/1492/fd’: Permission denied
find: ‘/proc/1491/task/1492/fdinfo’: Permission denied
find: ‘/proc/1491/task/1492/ns’: Permission denied
find: ‘/proc/1491/task/1493/fd’: Permission denied
fin
find: ‘/proc/1525/map_files’: Permission denied
find: ‘/proc/1525/fdinfo’: Permission denied
find: ‘/proc/1525/ns’: Permission denied
find: ‘/proc/1527/task/1527/fd’: Permission denied
find: ‘/proc/1527/task/1527/fdinfo’: Permission denied
find: ‘/proc/1527/task/1527/ns’: Permission denied
find: ‘/proc/1527/fd’: Permission denied
find: ‘/proc/1527/map_files’: Permission denied
find: ‘/p/1616/ns’: Permission denied
find: ‘/proc/1539/task/1617/fd’: Permission denied
find: ‘/proc/1539/task/1617/fdinfo’: Permission denied
find: ‘/proc/1539/task/1617/ns’: Permission denied
find: ‘/proc/1539/task/1618/fd’: Permission denied
find: ‘/proc/1539/task/1618/fdinfo’: Permission denied
find: ‘/proc/1539/task/1618/ns’: Permission denied
find: ‘/proc/1539/task/1619/fd’: Permission denied
find: ‘/proc/1539/task/1619/fdinfo’: Permission denied
find: ‘/proc/1539/task/1619/ns’: Permission denied
find: ‘/proc/1539/task/1620/fd’: Permission denied
find: ‘/proc/1539/task/1620/fdinfo’: Permission denied
find: ‘/proc/1539/task/1620/ns’: Permission denied
find: ‘/proc/1539/task/1621/fd’: Permission denied
find: ‘/proc/1539/task/1621/fdinfo’: Permission denied
find: ‘/proc/1539/task/1621/ns’: Permission denied
find: ‘/proc/1539/task/1622/fd’: Permission denied
find: ‘/proc/1539/task/1622/fdinfo’: Permission denied
find: ‘/proc/1539/task/1622/ns’: Permission denied
find: ‘/proc/1539/fd’: Permission denied
find: ‘/proc/1539/map_files’: Permission denied
find: ‘/proc/1539/fdinfo’: Permission denied
find: ‘/proc/1539/ns’: Permission denied
find: ‘/proc/1548/task/1548/fd’: Permission denied
find: ‘/proc/1548/task/1548/fdinfo’: Permission denied
find: ‘/proc/1548/task/1548/ns’: Permission denied
find: ‘/proc/1548/task/1549/fd’: Permission denied
find: ‘/proc/1548/task/1549/fdinfo’: Permission denied
find: ‘/proc/1548/task/1549/ns’: Permission denied
find: ‘/proc/1548/task/1550/fd’: Permission denied
find: ‘/proc/1548/task/1550/fdinfo’: Permission denied
find: ‘/proc/1548/task/1550/ns’: Permission denied
find: ‘/proc/1548/fd’: Permission denied
find: ‘/proc/1548/map_files’: Permission denied
find: ‘/proc/1548/fdinfo’: Permission denied
find: ‘/proc/1548/ns’: Permission denied
find: ‘/proc/1585/task/1585/fd’: Permission denied
find: ‘/proc/1585/task/1585/fdinfo’: Permission denied
find: ‘/proc/1585/task/1585/ns’: Permission denied
find: ‘/proc/1585/task/1589/fd’: Permission denied
find: ‘/proc/1585/task/1589/fdinfo’: Permission denied
find: ‘/proc/1585/task/1589/ns’: Permission denied
find: ‘/proc/1585/task/1590/fd’: Permission denied
find: ‘/proc/1585/task/1590/fdinfo’: Permission denied
find: ‘/proc/1585/task/1590/ns’: Permission denied
find: ‘/proc/1585/task/1591/fd’: Permission denied
find: ‘/proc/1585/task/1591/fdinfo’: Permission denied
find: ‘/proc/1585/task/1591/ns’: Permission denied
find: ‘/proc/1585/task/1592/fd’: Permission denied
find: ‘/proc/1585/task/1592/fdinfo’: Permission denied
find: ‘/proc/1585/task/1592/ns’: Permission denied
find: ‘/proc/1585/fd’: Permission denied
find: ‘/proc/1585/map_files’: Permission denied
find: ‘/proc/1585/fdinfo’: Permission denied
find: ‘/proc/1585/ns’: Permission denied
find: ‘/proc/1598/task/1598/fd’: Permission denied
find: ‘/proc/1598/task/1598/fdinfo’: Permission denied
find: ‘/proc/1598/task/1598/ns’: Permission denied
find: ‘/proc/1598/task/1599/fd’: Permission denied
find: ‘/proc/1598/task/1599/fdinfo’: Permission denied
find: ‘/proc/1598/task/1599/ns’: Permission denied
find: ‘/proc/1598/task/1600/fd’: Permission denied
find: ‘/proc/1598/task/1600/fdinfo’: Permission denied
find: ‘/proc/1598/task/1600/ns’: Permission denied
find: ‘/proc/1598/task/1602/fd’: Permission denied
find: ‘/proc/1598/task/1602/fdinfo’: Permission denied
find: ‘/proc/1598/task/1602/ns’: Permission denied
find: ‘/proc/1598/fd’: Permission denied
find: ‘/proc/1598/map_files’: Permission denied
find: ‘/proc/1598/fdinfo’: Permission denied
find: ‘/proc/1598/ns’: Permission denied
find: ‘/proc/1603/task/1603/fd’: Permission denied
find: ‘/proc/1603/task/1603/fdinfo’: Permission denied
find: ‘/proc/1603/task/1603/ns’: Permission denied
find: ‘/proc/1603/fd’: Permission denied
find: ‘/proc/1603/map_files’: Permission denied
find: ‘/proc/1603/fdinfo’: Permission denied
find: ‘/proc/1603/ns’: Permission denied
find: ‘/proc/1605/task/1605/fd’: Permission denied
find: ‘/proc/1605/task/1605/fdinfo’: Permission denied
find: ‘/proc/1605/task/1605/ns’: Permission denied
find: ‘/proc/1605/task/1606/fd’: Permission denied
find: ‘/proc/1605/task/1606/fdinfo’: Permission denied
find: ‘/proc/1605/task/1606/ns’: Permission denied
find: ‘/proc/1605/task/1607/fd’: Permission denied
find: ‘/proc/1605/task/1607/fdinfo’: Permission denied
find: ‘/proc/1605/task/1607/ns’: Permission denied
find: ‘/proc/1605/fd’: Permission denied
find: ‘/proc/1605/map_files’: Permission denied
find: ‘/proc/1605/fdinfo’: Permission denied
find: ‘/proc/1605/ns’: Permission denied
find: ‘/proc/1609/task/1609/fd’: Permission denied
find: ‘/proc/1609/task/1609/fdinfo’: Permission denied
find: ‘/proc/1609/task/1609/ns’: Permission denied
find: ‘/proc/1609/task/1613/fd’: Permission denied
find: ‘/proc/1609/task/1613/fdinfo’: Permission denied
find: ‘/proc/1609/task/1613/ns’: Permission denied
find: ‘/proc/1609/task/1614/fd’: Permission denied
find: ‘/proc/1609/task/1614/fdinfo’: Permission denied
find: ‘/proc/1609/task/1614/ns’: Permission denied
find: ‘/proc/1609/fd’: Permission denied
find: ‘/proc/1609/map_files’: Permission denied
find: ‘/proc/1609/fdinfo’: Permission denied
find: ‘/proc/1609/ns’: Permission denied
find: ‘/proc/1610/task/1610/fd’: Permission denied
find: ‘/proc/1610/task/1610/fdinfo’: Permission denied
find: ‘/proc/1610/task/1610/ns’: Permission denied
find: ‘/proc/1610/task/1611/fd’: Permission denied
find: ‘/proc/1610/task/1611/fdinfo’: Permission denied
find: ‘/proc/1610/task/1611/ns’: Permission denied
find: ‘/proc/1610/task/1612/fd’: Permission denied
find: ‘/proc/1610/task/1612/fdinfo’: Permission denied
find: ‘/proc/1610/task/1612/ns’: Permission denied
find: ‘/proc/1610/fd’: Permission denied
find: ‘/proc/1610/map_files’: Permission denied
find: ‘/proc/1610/fdinfo’: Permission denied
find: ‘/proc/1610/ns’: Permission denied
find: ‘/proc/1624/task/1624/fd’: Permission denied
find: ‘/proc/1624/task/1624/fdinfo’: Permission denied
find: ‘/proc/1624/task/1624/ns’: Permission denied
find: ‘/proc/1624/task/1625/fd’: Permission denied
find: ‘/proc/1624/task/1625/fdinfo’: Permission denied
find: ‘/proc/1624/task/1625/ns’: Permission denied
find: ‘/proc/1624/task/1630/fd’: Permission denied
find: ‘/proc/1624/task/1630/fdinfo’: Permission denied
find: ‘/proc/1624/task/1630/ns’: Permission denied
find: ‘/proc/1624/fd’: Permission denied
find: ‘/proc/1624/map_files’: Permission denied
find: ‘/proc/1624/fdinfo’: Permission denied
find: ‘/proc/1624/ns’: Permission denied
find: ‘/proc/1627/task/1627/fd’: Permission denied
find: ‘/proc/1627/task/1627/fdinfo’: Permission denied
find: ‘/proc/1627/task/1627/ns’: Permission denied
find: ‘/proc/1627/task/1637/fd’: Permission denied
find: ‘/proc/1627/task/1637/fdinfo’: Permission denied
find: ‘/proc/1627/task/1637/ns’: Permission denied
find: ‘/proc/1627/task/1638/fd’: Permission denied
find: ‘/proc/1627/task/1638/fdinfo’: Permission denied
find: ‘/proc/1627/task/1638/ns’: Permission denied
find: ‘/proc/1627/task/1639/fd’: Permission denied
find: ‘/proc/1627/task/1639/fdinfo’: Permission denied
find: ‘/proc/1627/task/1639/ns’: Permission denied
find: ‘/proc/1627/fd’: Permission denied
find: ‘/proc/1627/map_files’: Permission denied
find: ‘/proc/1627/fdinfo’: Permission denied
find: ‘/proc/1627/ns’: Permission denied
find: ‘/proc/1629/task/1629/fd’: Permission denied
find: ‘/proc/1629/task/1629/fdinfo’: Permission denied
find: ‘/proc/1629/task/1629/ns’: Permission denied
find: ‘/proc/1629/task/1730/fd’: Permission denied
find: ‘/proc/1629/task/1730/fdinfo’: Permission denied
find: ‘/proc/1629/task/1730/ns’: Permission denied
find: ‘/proc/1629/task/1731/fd’: Permission denied
find: ‘/proc/1629/task/1731/fdinfo’: Permission denied
find: ‘/proc/1629/task/1731/ns’: Permission denied
find: ‘/proc/1629/fd’: Permission denied
find: ‘/proc/1629/map_files’: Permission denied
find: ‘/proc/1629/fdinfo’: Permission denied
find: ‘/proc/1629/ns’: Permission denied
find: ‘/proc/1632/task/1632/fd’: Permission denied
find: ‘/proc/1632/task/1632/fdinfo’: Permission denied
find: ‘/proc/1632/task/1632/ns’: Permission denied
find: ‘/proc/1632/task/1633/fd’: Permission denied
find: ‘/proc/1632/task/1633/fdinfo’: Permission denied
find: ‘/proc/1632/task/1633/ns’: Permission denied
find: ‘/proc/1632/task/1635/fd’: Permission denied
find: ‘/proc/1632/task/1635/fdinfo’: Permission denied
find: ‘/proc/1632/task/1635/ns’: Permission denied
find: ‘/proc/1632/fd’: Permission denied
find: ‘/proc/1632/map_files’: Permission denied
find: ‘/proc/1632/fdinfo’: Permission denied
find: ‘/proc/1632/ns’: Permission denied
find: ‘/proc/1644/task/1644/fd’: Permission denied
find: ‘/proc/1644/task/1644/fdinfo’: Permission denied
find: ‘/proc/1644/task/1644/ns’: Permission denied
find: ‘/proc/1644/task/1654/fd’: Permission denied
find: ‘/proc/1644/task/1654/fdinfo’: Permission denied
find: ‘/proc/1644/task/1654/ns’: Permission denied
find: ‘/proc/1644/task/1656/fd’: Permission denied
find: ‘/proc/1644/task/1656/fdinfo’: Permission denied
find: ‘/proc/1644/task/1656/ns’: Permission denied
find: ‘/proc/1644/fd’: Permission denied
find: ‘/proc/1644/map_files’: Permission denied
find: ‘/proc/1644/fdinfo’: Permission denied
find: ‘/proc/1644/ns’: Permission denied
find: ‘/proc/1645/task/1645/fd’: Permission denied
find: ‘/proc/1645/task/1645/fdinfo’: Permission denied
find: ‘/proc/1645/task/1645/ns’: Permission denied
find: ‘/proc/1645/task/1670/fd’: Permission denied
find: ‘/proc/1645/task/1670/fdinfo’: Permission denied
find: ‘/proc/1645/task/1670/ns’: Permission denied
find: ‘/proc/1645/task/1671/fd’: Permission denied
find: ‘/proc/1645/task/1671/fdinfo’: Permission denied
find: ‘/proc/1645/task/1671/ns’: Permission denied
find: ‘/proc/1645/fd’: Permission denied
find: ‘/proc/1645/map_files’: Permission denied
find: ‘/proc/1645/fdinfo’: Permission denied
find: ‘/proc/1645/ns’: Permission denied
find: ‘/proc/1646/task/1646/fd’: Permission denied
find: ‘/proc/1646/task/1646/fdinfo’: Permission denied
find: ‘/proc/1646/task/1646/ns’: Permission denied
find: ‘/proc/1646/task/1714/fd’: Permission denied
find: ‘/proc/1646/task/1714/fdinfo’: Permission denied
find: ‘/proc/1646/task/1714/ns’: Permission denied
find: ‘/proc/1646/task/1715/fd’: Permission denied
find: ‘/proc/1646/task/1715/fdinfo’: Permission denied
find: ‘/proc/1646/task/1715/ns’: Permission denied
find: ‘/proc/1646/task/1738/fd’: Permission denied
find: ‘/proc/1646/task/1738/fdinfo’: Permission denied
find: ‘/proc/1646/task/1738/ns’: Permission denied
find: ‘/proc/1646/fd’: Permission denied
find: ‘/proc/1646/map_files’: Permission denied
find: ‘/proc/1646/fdinfo’: Permission denied
find: ‘/proc/1646/ns’: Permission denied
find: ‘/proc/1647/task/1647/fd’: Permission denied
find: ‘/proc/1647/task/1647/fdinfo’: Permission denied
find: ‘/proc/1647/task/1647/ns’: Permission denied
find: ‘/proc/1647/task/1652/fd’: Permission denied
find: ‘/proc/1647/task/1652/fdinfo’: Permission denied
find: ‘/proc/1647/task/1652/ns’: Permission denied
find: ‘/proc/1647/task/1653/fd’: Permission denied
find: ‘/proc/1647/task/1653/fdinfo’: Permission denied
find: ‘/proc/1647/task/1653/ns’: Permission denied
find: ‘/proc/1647/task/1696/fd’: Permission denied
find: ‘/proc/1647/task/1696/fdinfo’: Permission denied
find: ‘/proc/1647/task/1696/ns’: Permission denied
find: ‘/proc/1647/fd’: Permission denied
find: ‘/proc/1647/map_files’: Permission denied
find: ‘/proc/1647/fdinfo’: Permission denied
find: ‘/proc/1647/ns’: Permission denied
find: ‘/proc/1650/task/1650/fd’: Permission denied
find: ‘/proc/1650/task/1650/fdinfo’: Permission denied
find: ‘/proc/1650/task/1650/ns’: Permission denied
find: ‘/proc/1650/task/1726/fd’: Permission denied
find: ‘/proc/1650/task/1726/fdinfo’: Permission denied
find: ‘/proc/1650/task/1726/ns’: Permission denied
find: ‘/proc/1650/task/1727/fd’: Permission denied
find: ‘/proc/1650/task/1727/fdinfo’: Permission denied
find: ‘/proc/1650/task/1727/ns’: Permission denied
find: ‘/proc/1650/fd’: Permission denied
find: ‘/proc/1650/map_files’: Permission denied
find: ‘/proc/1650/fdinfo’: Permission denied
find: ‘/proc/1650/ns’: Permission denied
find: ‘/proc/1657/task/1657/fd’: Permission denied
find: ‘/proc/1657/task/1657/fdinfo’: Permission denied
find: ‘/proc/1657/task/1657/ns’: Permission denied
find: ‘/proc/1657/task/1718/fd’: Permission denied
find: ‘/proc/1657/task/1718/fdinfo’: Permission denied
find: ‘/proc/1657/task/1718/ns’: Permission denied
find: ‘/proc/1657/task/1719/fd’: Permission denied
find: ‘/proc/1657/task/1719/fdinfo’: Permission denied
find: ‘/proc/1657/task/1719/ns’: Permission denied
find: ‘/proc/1657/task/1723/fd’: Permission denied
find: ‘/proc/1657/task/1723/fdinfo’: Permission denied
find: ‘/proc/1657/task/1723/ns’: Permission denied
find: ‘/proc/1657/fd’: Permission denied
find: ‘/proc/1657/map_files’: Permission denied
find: ‘/proc/1657/fdinfo’: Permission denied
find: ‘/proc/1657/ns’: Permission denied
find: ‘/proc/1658/task/1658/fd’: Permission denied
find: ‘/proc/1658/task/1658/fdinfo’: Permission denied
find: ‘/proc/1658/task/1658/ns’: Permission denied
find: ‘/proc/1658/task/1698/fd’: Permission denied
find: ‘/proc/1658/task/1698/fdinfo’: Permission denied
find: ‘/proc/1658/task/1698/ns’: Permission denied
find: ‘/proc/1658/task/1699/fd’: Permission denied
find: ‘/proc/1658/task/1699/fdinfo’: Permission denied
find: ‘/proc/1658/task/1699/ns’: Permission denied
find: ‘/proc/1658/fd’: Permission denied
find: ‘/proc/1658/map_files’: Permission denied
find: ‘/proc/1658/fdinfo’: Permission denied
find: ‘/proc/1658/ns’: Permission denied
find: ‘/proc/1659/task/1659/fd’: Permission denied
find: ‘/proc/1659/task/1659/fdinfo’: Permission denied
find: ‘/proc/1659/task/1659/ns’: Permission denied
find: ‘/proc/1659/task/1661/fd’: Permission denied
find: ‘/proc/1659/task/1661/fdinfo’: Permission denied
find: ‘/proc/1659/task/1661/ns’: Permission denied
find: ‘/proc/1659/task/1663/fd’: Permission denied
find: ‘/proc/1659/task/1663/fdinfo’: Permission denied
find: ‘/proc/1659/task/1663/ns’: Permission denied
find: ‘/proc/1659/fd’: Permission denied
find: ‘/proc/1659/map_files’: Permission denied
find: ‘/proc/1659/fdinfo’: Permission denied
find: ‘/proc/1659/ns’: Permission denied
find: ‘/proc/1660/task/1660/fd’: Permission denied
find: ‘/proc/1660/task/1660/fdinfo’: Permission denied
find: ‘/proc/1660/task/1660/ns’: Permission denied
find: ‘/proc/1660/task/1712/fd’: Permission denied
find: ‘/proc/1660/task/1712/fdinfo’: Permission denied
find: ‘/proc/1660/task/1712/ns’: Permission denied
find: ‘/proc/1660/task/1713/fd’: Permission denied
find: ‘/proc/1660/task/1713/fdinfo’: Permission denied
find: ‘/proc/1660/task/1713/ns’: Permission denied
find: ‘/proc/1660/task/1717/fd’: Permission denied
find: ‘/proc/1660/task/1717/fdinfo’: Permission denied
find: ‘/proc/1660/task/1717/ns’: Permission denied
find: ‘/proc/1660/fd’: Permission denied
find: ‘/proc/1660/map_files’: Permission denied
find: ‘/proc/1660/fdinfo’: Permission denied
find: ‘/proc/1660/ns’: Permission denied
find: ‘/proc/1664/task/1664/fd’: Permission denied
find: ‘/proc/1664/task/1664/fdinfo’: Permission denied
find: ‘/proc/1664/task/1664/ns’: Permission denied
find: ‘/proc/1664/task/1710/fd’: Permission denied
find: ‘/proc/1664/task/1710/fdinfo’: Permission denied
find: ‘/proc/1664/task/1710/ns’: Permission denied
find: ‘/proc/1664/task/1711/fd’: Permission denied
find: ‘/proc/1664/task/1711/fdinfo’: Permission denied
find: ‘/proc/1664/task/1711/ns’: Permission denied
find: ‘/proc/1664/task/1734/fd’: Permission denied
find: ‘/proc/1664/task/1734/fdinfo’: Permission denied
find: ‘/proc/1664/task/1734/ns’: Permission denied
find: ‘/proc/1664/fd’: Permission denied
find: ‘/proc/1664/map_files’: Permission denied
find: ‘/proc/1664/fdinfo’: Permission denied
find: ‘/proc/1664/ns’: Permission denied
find: ‘/proc/1665/task/1665/fd’: Permission denied
find: ‘/proc/1665/task/1665/fdinfo’: Permission denied
find: ‘/proc/1665/task/1665/ns’: Permission denied
find: ‘/proc/1665/task/1667/fd’: Permission denied
find: ‘/proc/1665/task/1667/fdinfo’: Permission denied
find: ‘/proc/1665/task/1667/ns’: Permission denied
find: ‘/proc/1665/task/1668/fd’: Permission denied
find: ‘/proc/1665/task/1668/fdinfo’: Permission denied
find: ‘/proc/1665/task/1668/ns’: Permission denied
find: ‘/proc/1665/fd’: Permission denied
find: ‘/proc/1665/map_files’: Permission denied
find: ‘/proc/1665/fdinfo’: Permission denied
find: ‘/proc/1665/ns’: Permission denied
find: ‘/proc/1666/task/1666/fd’: Permission denied
find: ‘/proc/1666/task/1666/fdinfo’: Permission denied
find: ‘/proc/1666/task/1666/ns’: Permission denied
find: ‘/proc/1666/task/1720/fd’: Permission denied
find: ‘/proc/1666/task/1720/fdinfo’: Permission denied
find: ‘/proc/1666/task/1720/ns’: Permission denied
find: ‘/proc/1666/task/1722/fd’: Permission denied
find: ‘/proc/1666/task/1722/fdinfo’: Permission denied
find: ‘/proc/1666/task/1722/ns’: Permission denied
find: ‘/proc/1666/task/1740/fd’: Permission denied
find: ‘/proc/1666/task/1740/fdinfo’: Permission denied
find: ‘/proc/1666/task/1740/ns’: Permission denied
find: ‘/proc/1666/fd’: Permission denied
find: ‘/proc/1666/map_files’: Permission denied
find: ‘/proc/1666/fdinfo’: Permission denied
find: ‘/proc/1666/ns’: Permission denied
find: ‘/proc/1669/task/1669/fd’: Permission denied
find: ‘/proc/1669/task/1669/fdinfo’: Permission denied
find: ‘/proc/1669/task/1669/ns’: Permission denied
find: ‘/proc/1669/task/1674/fd’: Permission denied
find: ‘/proc/1669/task/1674/fdinfo’: Permission denied

find: ‘/proc/1684/task/1693/ns’: Permission denied
find: ‘/proc/1684/task/1695/fd’: Permission denied
find: ‘/proc/1684/task/1695/fdinfo’: Permission denied
find: ‘/proc/1684/task/1695/ns’: Permission denied
find: ‘/proc/1684/fd’: Permission denied
find: ‘/proc/1684/map_files’: Permission denied
find: ‘/proc/1684/fdinfo’: Permission denied
find: ‘/proc/1684/ns’: Permission denied
find: ‘/proc/1690/task/1690/fd’: Permission denied
find: ‘/proc/1690/task/1690/fdinfo’: Permission denied
find: ‘/proc/1690/task/1690/ns’: Permission denied
find: ‘/proc/1690/task/1708/fd’: Permission denied
find: ‘/proc/1690/task/1708/fdinfo’: Permission denied
find: ‘/proc/1690/task/1708/ns’: Permission denied
find: ‘/proc/1690/task/1709/fd’: Permission denied
find: ‘/proc/1690/task/1709/fdinfo’: Permission denied
find: ‘/proc/1690/task/1709/ns’: Permission denied
find: ‘/proc/1690/fd’: Permission denied
find: ‘/proc/1690/map_files’: Permission denied
find: ‘/proc/1690/fdinfo’: Permission denied
find: ‘/proc/1690/ns’: Permission denied
find: ‘/proc/1703/task/1703/fd’: Permission denied
find: ‘/proc/1703/task/1703/fdinfo’: Permission denied

/home/student/ajce/mca/lmca/ac.text
find: ‘/home/android/.ssh’: Permission denied
find: ‘/home/android/AndroidStudioProjects/calculator/app/build/generated/source/r/debug/com’: Permission denied
find: ‘/home/android/AndroidStudioProjects/dany/app/build/generated/source/r/debug/com’: Permission denied
find: ‘/home/android/AndroidStudioProjects/num/app/build/generated/source/r/debug/com’: Permission denied
find: ‘/home/android/AndroidStudioProjects/numm/app/build/generated/source/r/debug/com’: Permission denied
find: ‘/home/android/AndroidStudioProjects/calculator3/app/build/generated/source/r/debug/com’: Permission denied
find: ‘/home/android/AndroidStudioProjects/calc/app/build/generated/source/r/debug/com’: Permission denied
find: ‘/home/android/AndroidStudioProjects/calculator2/app/build/generated/source/r/debug/com’: Permission denied
find: ‘/home/android/AndroidStudioProjects/calu/app/build/generated/source/r/debug/com’: Permission denied
find: ‘/home/android/AndroidStudioProjects/Two/app/build/generated/source/r/debug/com’: Permission denied
find: ‘/home/android/AndroidStudioProjects/MyApplication2/app/build/generated/source/r/debug/com’: Permission denied
find: ‘/home/android/AndroidStudioProjects/listview/app/build/generated/source/r/debug/com’: Permission denied
find: ‘/home/android/AndroidStudioProjects/sql/app/build/generated/source/r/debug/com’: Permission denied
find: ‘/home/android/AndroidStudioProjects/student/app/build/generated/source/r/debug/com’: Permission denied
find: ‘/home/android/AndroidStudioProjects/addnum/app/build/generated/source/r/debug/com’: Permission denied
find: ‘/home/android/AndroidStudioProjects/MyCalculator/app/build/generated/source/r/debug/com’: Permission denied
find: ‘/home/android/AndroidStudioProjects/sql2/app/build/generated/source/r/debug/com’: Permission denied
find: ‘/home/android/AndroidStudioProjects/calculator5/app/build/generated/source/r/debug/com’: Permission denied
find: ‘/home/android/AndroidStudioProjects/MyApp/app/build/generated/source/r/debug/com’: Permission denied
find: ‘/home/android/AndroidStudioProjects/MyApplication/app/build/generated/source/r/debug/com’: Permission denied
find: ‘/home/android/AndroidStudioProjects/login1/app/build/generated/source/r/debug/com’: Permission denied
find: ‘/home/android/.java/.userPrefs’: Permission denied
find: ‘/home/android/.cache’: Permission denied
find: ‘/home/android/.config’: Permission denied
find: ‘/home/android/.mozilla’: Permission denied
find: ‘/home/android/.gnupg’: Permission denied
find: ‘/home/android/.local’: Permission denied
find: ‘/home/android/.gradle/daemon/4.4’: Permission denied
find: ‘/home/android/.gnome’: Permission denied
find: ‘/etc/chatscripts’: Permission denied
find: ‘/etc/ppp/peers’: Permission denied
find: ‘/etc/cups/ssl’: Permission denied
find: ‘/etc/ssl/private’: Permission denied
find: ‘/etc/polkit-1/localauthority’: Permission denied
find: ‘/root’: Permission denied
find: ‘/snap/core/6350/etc/chatscripts’: Permission denied
find: ‘/snap/core/6350/etc/ppp/peers’: Permission denied
find: ‘/snap/core/6350/etc/ssl/private’: Permission denied
find: ‘/snap/core/6350/root’: Permission denied
find: ‘/snap/core/6350/var/cache/ldconfig’: Permission denied
find: ‘/snap/core/6350/var/lib/machines’: Permission denied
find: ‘/snap/core/6350/var/lib/waagent’: Permission denied
find: ‘/snap/core/6350/var/spool/cron/crontabs’: Permission denied
find: ‘/snap/core/6350/var/spool/rsyslog’: Permission denied
find: ‘/snap/core/6405/etc/chatscripts’: Permission denied
find: ‘/snap/core/6405/etc/ppp/peers’: Permission denied
find: ‘/snap/core/6405/etc/ssl/private’: Permission denied
find: ‘/snap/core/6405/root’: Permission denied
find: ‘/snap/core/6405/var/cache/ldconfig’: Permission denied
find: ‘/snap/core/6405/var/lib/machines’: Permission denied
find: ‘/snap/core/6405/var/lib/waagent’: Permission denied
find: ‘/snap/core/6405/var/spool/cron/crontabs’: Permission denied
find: ‘/snap/core/6405/var/spool/rsyslog’: Permission denied
find: ‘/snap/core/6259/etc/chatscripts’: Permission denied
find: ‘/snap/core/6259/etc/ppp/peers’: Permission denied
find: ‘/snap/core/6259/etc/ssl/private’: Permission denied
find: ‘/snap/core/6259/root’: Permission denied
find: ‘/snap/core/6259/var/cache/ldconfig’: Permission denied
find: ‘/snap/core/6259/var/lib/machines’: Permission denied
find: ‘/snap/core/6259/var/lib/waagent’: Permission denied
find: ‘/snap/core/6259/var/spool/cron/crontabs’: Permission denied
find: ‘/snap/core/6259/var/spool/rsyslog’: Permission denied
find: ‘/var/lib/fwupd/gnupg’: Permission denied
find: ‘/var/lib/private’: Permission denied
find: ‘/var/lib/gdm3/.cache/libgweather’: Permission denied
find: ‘/var/lib/gdm3/.config/gnome-session’: Permission denied
find: ‘/var/lib/gdm3/.config/pulse’: Permission denied
find: ‘/var/lib/gdm3/.config/ibus’: Permission denied
find: ‘/var/lib/gdm3/.gnupg’: Permission denied
find: ‘/var/lib/gdm3/.local’: Permission denied
find: ‘/var/lib/geoclue/.cache’: Permission denied
find: ‘/var/lib/php/sessions’: Permission denied
find: ‘/var/lib/update-notifier/package-data-downloads/partial’: Permission denied
find: ‘/var/lib/snapd/cookie’: Permission denied
find: ‘/var/lib/snapd/cache’: Permission denied
find: ‘/var/lib/colord/.cache’: Permission denied
find: ‘/var/lib/apt/lists/partial’: Permission denied
find: ‘/var/lib/polkit-1’: Permission denied
find: ‘/var/lib/udisks2’: Permission denied
find: ‘/var/tmp/systemd-private-11fcb83783bd4c41982d9f9d846f79e1-fwupd.service-j4ptla’: Permission denied
find: ‘/var/tmp/systemd-private-11fcb83783bd4c41982d9f9d846f79e1-bolt.service-w7A7e0’: Permission denied
find: ‘/var/tmp/systemd-private-11fcb83783bd4c41982d9f9d846f79e1-systemd-resolved.service-sB7oIB’: Permission denied
find: ‘/var/tmp/systemd-private-11fcb83783bd4c41982d9f9d846f79e1-systemd-timesyncd.service-t7tpqU’: Permission denied
find: ‘/var/tmp/systemd-private-11fcb83783bd4c41982d9f9d846f79e1-rtkit-daemon.service-QuFcxC’: Permission denied
find: ‘/var/tmp/systemd-private-11fcb83783bd4c41982d9f9d846f79e1-colord.service-36ZT9i’: Permission denied
find: ‘/var/spool/cron/crontabs’: Permission denied
find: ‘/var/spool/cups’: Permission denied
find: ‘/var/spool/rsyslog’: Permission denied
find: ‘/var/cache/ldconfig’: Permission denied
find: ‘/var/cache/cups’: Permission denied
find: ‘/var/cache/apt/archives/partial’: Permission denied
find: ‘/var/log/gdm3’: Permission denied
find: ‘/var/log/speech-dispatcher’: Permission denied
find: ‘/var/log/unattended-upgrades’: Permission denied
find: ‘/lost+found’: Permission denied
student@T5:~/ajce/mca/lmca$ ls
ac.text  demo.txt  f1.txt  f2.txt  f3.txt  ga.txt  id101  id102  lla.txt  ll.txt  n1.txt  name.txt  place.txt
student@T5:~/ajce/mca/lmca$ find ~ -name ga.txt
/home/student/ajce/mca/lmca/ga.txt
student@T5:~/ajce/mca/lmca$ find ./mca -name ac.text
find: ‘./mca’: No such file or directory
student@T5:~/ajce/mca/lmca$ cd ..
student@T5:~/ajce/mca$ cd..
cd..: command not found
student@T5:~/ajce/mca$ cd ..
student@T5:~/ajce$ find ./mca -name ac.text
./mca/lmca/ac.text
student@T5:~/ajce$ cd mca
student@T5:~/ajce/mca$ cd lmca
student@T5:~/ajce/mca/lmca$ find ./lmca -name "*.txt"
find: ‘./lmca’: No such file or directory
student@T5:~/ajce/mca/lmca$ ls
ac.text  demo.txt  f1.txt  f2.txt  f3.txt  ga.txt  id101  id102  lla.txt  ll.txt  n1.txt  name.txt  place.txt
student@T5:~/ajce/mca/lmca$ find . /lmca -name "*.txt"
./demo.txt
./lla.txt
./n1.txt
./place.txt
./name.txt
./ga.txt
./f2.txt
./f3.txt
./f1.txt
./ll.txt
find: ‘/lmca’: No such file or directory
student@T5:~/ajce/mca/lmca$ find . /lmca -perm777
find: unknown predicate `-perm777'
student@T5:~/ajce/mca/lmca$ find . /lmca -perm 777
find: ‘/lmca’: No such file or directory
student@T5:~/ajce/mca/lmca$ cd ..
student@T5:~/ajce/mca$ cd ..
student@T5:~/ajce$ cd ..
student@T5:~$ find . /lmca -perm 777
./snap/vlc/common/.cache/gio-modules/libgiolibproxy.so
./snap/vlc/common/.cache/gio-modules/libdconfsettings.so
./snap/vlc/common/.cache/gio-modules/libgiognutls.so
./snap/vlc/common/.cache/gio-modules/libgiognomeproxy.so
./snap/vlc/current
./snap/vlc/770/.themes
./snap/vlc/770/.config/gtk-2.0/gtkfilechooser.ini
./snap/vlc/770/.config/dconf/user
./snap/vlc/770/.config/ibus/bus
./snap/vlc/770/.config/gtk-3.0/bookmarks
./snap/vlc/770/.config/gtk-3.0/settings.ini
./snap/vlc/770/.local/share/glib-2.0/schemas/org.gnome.desktop.wm.keybindings.gschema.xml
./snap/vlc/770/.local/share/glib-2.0/schemas/org.gnome.desktop.thumbnail-cache.gschema.xml
./snap/vlc/770/.local/share/glib-2.0/schemas/org.gnome.desktop.a11y.applications.gschema.xml
./snap/vlc/770/.local/share/glib-2.0/schemas/org.gnome.system.location.gschema.xml
./snap/vlc/770/.local/share/glib-2.0/schemas/org.gnome.desktop.lockdown.gschema.xml
./snap/vlc/770/.local/share/glib-2.0/schemas/org.gnome.desktop.notifications.gschema.xml
./snap/vlc/770/.local/share/glib-2.0/schemas/org.gnome.desktop.session.gschema.xml
./snap/vlc/770/.local/share/glib-2.0/schemas/org.gnome.desktop.default-applications.gschema.xml
./snap/vlc/770/.local/share/glib-2.0/schemas/org.gnome.desktop.app-folders.gschema.xml
./snap/vlc/770/.local/share/glib-2.0/schemas/org.gnome.desktop.enums.xml
./snap/vlc/770/.local/share/glib-2.0/schemas/org.gnome.desktop.datetime.gschema.xml
./snap/vlc/770/.local/share/glib-2.0/schemas/org.gnome.desktop.media-handling.gschema.xml
./snap/vlc/770/.local/share/glib-2.0/schemas/10_gsettings-desktop-schemas.gschema.override
./snap/vlc/770/.local/share/glib-2.0/schemas/org.gnome.desktop.a11y.gschema.xml
./snap/vlc/770/.local/share/glib-2.0/schemas/org.gnome.desktop.screensaver.gschema.xml
./snap/vlc/770/.local/share/glib-2.0/schemas/org.gnome.desktop.search-providers.gschema.xml
./snap/vlc/770/.local/share/glib-2.0/schemas/org.gtk.Settings.ColorChooser.gschema.xml
./snap/vlc/770/.local/share/glib-2.0/schemas/org.gnome.system.locale.gschema.xml
./sna
./snap/vlc/770/.local/share/icons/Humanity/CONTRIBUTORS
./snap/vlc/770/.local/share/icons/Humanity/stock@2
./snap/vlc/770/.local/share/icons/Humanity/devices
./snap/vlc/770/.local/share/icons/Humanity/emblems
./snap/vlc/770/.local/share/icons/Humanity/apps
./snap/vl
./snap/vlc/770/.local/share/icons/breeze-dark/preferences
./snap/vlc/770/.local/share/icons/breeze-dark/status
./snap/vlc/770/.local/share/icons/LoginIcons/index.theme
./snap/vlc/770/.local/share/icons/LoginIcons/apps
./snap/vlc/770/.local/share/icons/DMZ-Black/index.theme
./snap/vlc/770/.local/share/icons/DMZ-Black/cursors
./snap/vlc/770/.local/share/icons/DMZ-Black/cursor.theme
./snap/vlc/770/.local/share/icons/DMZ-White/index.theme
./snap/vlc/770/.local/share/icons/DMZ-White/cursors
./snap/vlc/770/.local/share/icons/DMZ-White/cursor.theme
./snap/vlc/770/.local/share/icons/breeze/actions
./snap/vlc/770/.local/share/icons/breeze/places
./snap/vlc/770/.local/share/icons/breeze/mimetypes
./snap/vlc/770/.local/share/icons/breeze/index.theme
./snap/vlc/770/.local/share/icons/breeze/devices
./snap/vlc/770/.local/share/icons/breeze/applets
./snap/vlc/770/.local/share/icons/breeze/emblems
./snap/vlc/770/.local/share/icons/breeze/apps
./snap/vlc/770/.local/share/icons/breeze/categories
./snap/vlc/770/.local/share/icons/breeze/emotes
./snap/vlc/770/.local/share/icons/breeze/animations
./snap/vlc/770/.local/share/icons/breeze/preferences
./snap/vlc/770/.local/share/icons/breeze/status
./snap/vlc/770/.local/share/icons/hicolor/512x512
./snap/vlc/770/.local/share/icons/hicolor/128x128
./snap/vlc/770/.local/share/icons/hicolor/192x192
./snap/vlc/770/.local/share/icons/hicolor/scalable
./snap/vlc/770/.local/share/icons/hicolor/index.theme
./snap/vlc/770/.local/share/icons/hicolor/72x72
./snap/vlc/770/.local/share/icons/hicolor/16x16
./snap/vlc/770/.local/share/icons/hicolor/256x256
./snap/vlc/770/.local/share/icons/hicolor/48x48
./snap/vlc/770/.local/share/icons/hicolor/96x96
./snap/vlc/770/.local/share/icons/hicolor/22x22
./snap/vlc/770/.local/share/icons/hicolor/24x24
./snap/vlc/770/.local/share/icons/hicolor/64x64
./snap/vlc/770/.local/share/icons/hicolor/symbolic
./snap/vlc/770/.local/share/icons/hicolor/36x36
./snap/vlc/770/.local/share/icons/hicolor/32x32
./snap/vlc/770/.local/share/icons/ubuntu-mono-dark/mimes
./snap/vlc/770/.local/share/icons/ubuntu-mono-dark/actions
./snap/vlc/770/.local/share/icons/ubuntu-mono-dark/places
./snap/vlc/770/.local/share/icons/ubuntu-mono-dark/index.theme
./snap/vlc/770/.local/share/icons/ubuntu-mono-dark/apps
./snap/vlc/770/.local/share/icons/ubuntu-mono-dark/categories
./snap/vlc/770/.local/share/icons/ubuntu-mono-dark/stock
./snap/vlc/770/.local/share/icons/ubuntu-mono-dark/animations
./snap/vlc/770/.local/share/icons/ubuntu-mono-dark/status
./.mozilla/firefox/lc838vwp.default/lock
find: ‘/lmca’: No such file or directory
student@T5:~$ find . /rmca -perm 777
./snap/vlc/common/.cache/gio-modules/libgiolibproxy.so
./snap/vlc/common/.cache/gio-modules/libdconfsettings.so
./snap/vlc/common/.cache/gio-modules/libgiognutls.so
./snap/vl
./snap/vlc/770/.local/share/glib-2.0/schemas/org.gnome.desktop.media-handling.gschema.xml
./snap/vlc/770/.local/share/glib-2.0/schemas/10_gsettings-desktop-schemas.gschema.override
./snap/vlc/770/.local/share/glib-2.0/schemas/org.gnome.desktop.a11y.gschema.xml
./snap/vlc/770/.local/share/glib-2.0/schemas/org.gnome.desktop.screensaver.gschema.xml
./snap/vlc/770/.local/share/glib-2.0/schemas/org.gnome.desktop.search-providers.gschema.xml
./snap/vlc/770/.local/share/glib-2.0/schemas/org.gtk.Settings.ColorChooser.gschema.xml
./snap/vlc/770/.local/share/glib-2.0/schemas/org.gnome.system.locale.gschema.xml

./snap/vlc/770/.local/share/icons/Humanity-Dark/COPYING
./snap/vlc/770/.local/share/icons/Humanity-Dark/actions@2
./snap/vlc/770/.local/share/icons/Humanity-Dark/actions
./snap/vlc/770/.local/share/icons/Humanity-Dark/AUTHORS
./snap/vlc/770/.local/share/icons/Humanity-Dark/places
./snap/vlc/770/.local/share/icons/Humanity-Dark/places@2
./snap/vlc/770/.local/share/icons/Humanity-Dark/index.theme
./snap/vlc/770/.local/share/icons/Humanity-Dark/devices
./snap/vlc/770/.local/share/icons/Humanity-Dark/apps
./snap/vlc/770/.local/share/icons/Humanity-Dark/devices@2
./snap/vlc/770/.local/share/icons/Humanity-Dark/status@2
./snap/vlc/770/.local/share/icons/Humanity-Dark/status
./snap/vlc/770/.local/share/icons/Humanity-Dark/apps@2
./snap/vlc/770/.local/share/icons/Humanity/COPYING
./snap/vlc/770/.local/share/icons/Humanity/actions@2
./snap/vlc/770/.local/share/icons/Humanity/mimes
./snap/vlc/770/.local/share/icons/Humanity/actions
./snap/vlc/770/.local/share/icons/Humanity/AUTHORS
./snap/vlc/770/.local/share/icons/Humanity/mimes@2
./snap/vlc/770/.local/share/icons/Humanity/places
./snap/vlc/770/.local/share/icons/Humanity/places@2
./snap/vlc/770/.local/share/icons/Humanity/index.theme
./snap/vlc/770/.local/share/icons/Humanity/CONTRIBUTORS
./snap/vlc/770/.local/share/icons/Humanity/stock@2
./snap/vlc/770/.local/share/icons/Humanity/devices
./snap/vlc/770/.local/share/icons/Humanity/emblems
./snap/vlc/770/.local/share/icons/Humanity/apps
./s
./snap/vlc/770/.local/share/icons/ubuntu-mono-light/actions
./snap/vlc/770/.local/share/icons/ubuntu-mono-light/places
./snap/vlc/770/.local/share/icons/ubuntu-mono-light/index.theme
./snap/vlc/770/.local/share/icons/ubuntu-mono-light/apps
./snap/vlc/770/.local/share/icons/ubuntu-mono-light/categories
./snap/vlc/770/.local/share/icons/ubuntu-mono-light/stock
./snap/vlc/770/.local/share/icons/ubuntu-mono-light/animations
./snap/vlc/770/.local/share/icons/ubuntu-mono-light/status
./snap/vlc/770/.local/share/icons/breeze-dark/actions
./snap/vlc/770/.local/share/icons/breeze-dark/places
./snap/vlc/770/.local/share/icons/breeze-dark/mimetypes
./snap/vlc/770/.local/share/icons/breeze-dark/index.theme
./snap/vlc/770/.local/share/icons/breeze-dark/devices

./snap/vlc/770/.local/share/icons/DMZ-Black/cursor.theme
./snap/vlc/770/.local/share/icons/DMZ-White/index.theme
./snap/vlc/770/.local/share/icons/DMZ-White/cursors
./snap/vlc/770/.local/share/icons/DMZ-White/cursor.theme
./snap/vlc/770/.local/share/icons/breeze/actions
./snap/vlc/770/.local/share/icons/breeze/places
./snap/vlc/770/.local/share/icons/breeze/mimetypes
./snap/vlc/770/.local/share/icons/breeze/index.theme
./snap/vlc/770/.local/share/icons/breeze/devices
./snap/vlc/770/.local/share/icons/breeze/applets
./snap/vlc/770/.local/share/icons/breeze/emblems
./snap/vlc/770/.local/share/icons/breeze/apps
./snap/vlc/770/.local/share/icons/breeze/categories
./snap/vlc/770/.local/share/icons/breeze/emotes
./snap/vlc/770/.local/share/icons/breeze/animations
./snap/vlc/770/.local/share/icons/breeze/preferences
./snap/vlc/770/.local/share/icons/breeze/status
./snap/vlc/770/.local/share/icons/hicolor/512x512
./snap/vlc/770/.local/share/icons/hicolor/128x128
./snap/vlc/770/.local/share/icons/hicolor/192x192
./snap/vlc/770/.local/share/icons/hicolor/scalable
./snap/vlc/770/.local/share/icons/hicolor/index.theme
./snap/vlc/770/.local/share/icons/hicolor/72x72

./snap/vlc/770/.local/share/icons/ubuntu-mono-dark/apps
./snap/vlc/770/.local/share/icons/ubuntu-mono-dark/categories
./snap/vlc/770/.local/share/icons/ubuntu-mono-dark/stock
./snap/vlc/770/.local/share/icons/ubuntu-mono-dark/animations
./snap/vlc/770/.local/share/icons/ubuntu-mono-dark/status
./.mozilla/firefox/lc838vwp.default/lock
find: ‘/rmca’: No such file or directory
student@T5:~$ find . /lmca -perm 777
./snap/vlc/common/.cache/gio-modules/libgiolibproxy.so
./snap/vlc/common/.cache/gio-modules/libdconfsettings.so
./snap/vlc/common/.cache/gio-modules/libgiognutls.so
./snap/vlc/common/.cache/gio-modules/libgiognomeproxy.so
./snap/vlc/current
./snap/vlc/770/.themes
./snap/vlc/770/.config/gtk-2.0/gtkfilechooser.ini
./snap/vlc/770/.config/dconf/user
./snap/vlc/770/.config/ibus/bus
./snap/vlc/770/.config/gtk-3.0/bookmarks
./snap/vlc/770/.config/gtk-3.0/settings.ini
./snap/vlc/770/.local/share/glib-2.0/schemas/org.gnome.desktop.wm.keybindings.gschema.xml
./snap/vlc/770/.local/share/glib-2.0/schemas/org.gnome.desktop.thumbnail-cache.gschema.xml
./snap/vlc/770/.local/share/glib-2.0/schemas/org.gnome.desktop.a11y.applications.gschema.xml
./snap/vlc/770/.local/share/glib-2.0/schemas/org.gnome.system.location.gschema.xml
./snap/vlc/770/.local/share/glib-2.0/schemas/org.gnome.desktop.lockdown.gschema.xml
./snap/vlc/770/.local/share/glib-2.0/schemas/org.gnome.desktop.notifications.gschema.xml

./snap/vlc/770/.local/share/glib-2.0/schemas/org.gnome.system.proxy.gschema.xml
./snap/vlc/770/.local/share/glib-2.0/schemas/org.gnome.desktop.thumbnailers.gschema.xml
./snap/vlc/770/.local/share/glib-2.0/schemas/org.gnome.desktop.wm.preferences.gschema.xml
./snap/vlc/770/.local/share/glib-2.0/schemas/org.gnome.desktop.privacy.gschema.xml
./snap/vlc/770/.local/share/glib-2.0/schemas/org.gnome.desktop.a11y.keyboard.gschema.xml
./snap/vlc/770/.local/share/glib-2.0/schemas/10_libgtk-3-common.gschema.override
./snap/vlc/770/.local/share/glib-2.0/schemas/org.gnome.desktop.a11y.magnifier.gschema.xml
./snap/vlc/770/.local/share/glib-2.0/schemas/org.gnome.desktop.peripherals.gschema.xml
./snap/vlc/770/.local/share/glib-2.0/schemas/org.gnome.desktop.background.gschema.xml
./snap/vlc/770/.local/share/glib-2.0/schemas/org.gnome.desktop.sound.gschema.xml
./snap/vlc/770/.local/share/themes
./snap/vlc/770/.local/share/icons/Humanity-Dark/COPYING
./snap/vlc/770/.local/share/icons/Humanity-Dark/actions@2
./snap/vlc/770/.local/share/icons/Humanity-Dark/actions
./snap/vlc/770/.local/share/icons/Humanity-Dark/AUTHORS
./snap/vlc/770/.local/share/icons/Humanity-Dark/places
./snap/vlc/770/.local/share/icons/Humanity-Dark/places@2
./snap/vlc/770/.local/share/icons/Humanity-Dark/index.theme
./snap/vlc/770/.local/share/icons/Humanity-Dark/devices
./snap/vlc/770/.local/share/icons/Humanity-Dark/apps
./snap/vlc/770/.local/share/icons/Humanity-Dark/devices@2
./snap/vlc/770/.local/share/icons/Humanity-Dark/status@2
./snap/vlc/770/.local/share/icons/Humanity-Dark/status
./snap/vlc/770/.local/share/icons/Humanity-Dark/apps@2
./snap/vlc/770/.local/share/icons/Humanity/COPYING
./snap/vlc/770/.local/share/icons/Humanity/actions@2
./snap/vlc/770/.local/share/icons/Humanity/mimes
./snap/vlc/770/.local/share/icons/Humanity/actions
./snap/vlc/770/.local/share/icons/Humanity/AUTHORS
./snap/vlc/770/.local/share/icons/Humanity/mimes@2
./snap/vlc/770/.local/share/icons/Humanity/places
./snap/vlc/770/.local/share/icons/Humanity/places@2
./snap/vlc/770/.local/share/icons/Humanity/index.theme
./snap/vlc/770/.local/share/icons/Humanity/CONTRIBUTORS
./snap/vlc/770/.local/share/icons/Humanity/stock@2
./snap/vlc/770/.local/share/icons/Humanity/devices
./snap/vlc/770/.local/share/icons/Humanity/emblems
./snap/vlc/770/.local/share/icons/Humanity/apps
./snap/vlc/770/.local/share/icons/Humanity/emblems@2
./snap/vlc/770/.local/share/icons/Humanity/categories@2
./snap/vlc/770/.local/share/icons/Humanity/devices@2
./snap/vlc/770/.local/share/icons/Humanity/status@2
./snap/vlc/770/.local/share/icons/Humanity/categories
./snap/vlc/770/.local/share/icons/Humanity/stock
./snap/vlc/770/.local/share/icons/Humanity/animations@2
./snap/vlc/770/.local/share/icons/Humanity/animations
./snap/vlc/770/.local/share/icons/Humanity/status
./snap/vlc/770/.local/share/icons/Humanity/apps@2
./snap/vlc/770/.local/share/icons/ubuntu-mono-light/mimes
./snap/vlc/770/.local/share/icons/ubuntu-mono-light/actions
./snap/vlc/770/.local/share/icons/ubuntu-mono-light/places
./snap/vlc/770/.local/share/icons/ubuntu-mono-light/index.theme
./snap/vlc/770/.local/share/icons/ubuntu-mono-light/apps
./snap/vlc/770/.local/share/icons/ubuntu-mono-light/categories
./snap/vlc/770/.local/share/icons/ubuntu-mono-light/stock
./snap/vlc/770/.local/share/icons/ubuntu-mono-light/animations
./snap/vlc/770/.local/share/icons/ubuntu-mono-light/status
./snap/vlc/770/.local/share/icons/breeze-dark/actions
./snap/vlc/770/.local/share/icons/breeze-dark/places
./snap/vlc/770/.local/share/icons/breeze-dark/mimetypes
./snap/vlc/770/.local/share/icons/breeze-dark/index.theme
./snap/vlc/770/.local/share/icons/breeze-dark/devices
./snap/vlc//animations
./snap/vlc/770/.local/share/icons/ubuntu-mono-dark/status
./.mozilla/firefox/lc838vwp.default/lock
find: ‘/lmca’: No such file or directory
student@T5:~$ cd ajce
student@T5:~/ajce$ cd mca
student@T5:~/ajce/mca$ cd lmca
student@T5:~/ajce/mca/lmca$ ls
ac.text  demo.txt  f1.txt  f2.txt  f3.txt  ga.txt  id101  id102  lla.txt  ll.txt  n1.txt  name.txt  place.txt
student@T5:~/ajce/mca/lmca$ find . -iname f3.txt
./f3.txt
student@T5:~/ajce/mca/lmca$ touch f3.txt
student@T5:~/ajce/mca/lmca$ find . -iname f3.txt
./f3.txt
student@T5:~/ajce/mca/lmca$ ls
ac.text  demo.txt  f1.txt  f2.txt  f3.txt  ga.txt  id101  id102  lla.txt  ll.txt  n1.txt  name.txt  place.txt
student@T5:~/ajce/mca/lmca$ cat > f3.txt
sihj
hfgavd^Z
[1]+  Stopped                 cat > f3.txt
student@T5:~/ajce/mca/lmca$ find . -iname f3.txt
./f3.txt
student@T5:~/ajce/mca/lmca$ cat > F3.txt
kukjyg
kjgk^Z
[2]+  Stopped                 cat > F3.txt
student@T5:~/ajce/mca/lmca$ find . -iname f3.txt
./f3.txt
./F3.txt
student@T5:~/ajce/mca/lmca$ find / -type d -name f2.txt
find: ‘/tmp/systemd-private-11fcb83783bd4c41982d9f9d846f79e1-systemd-resolved.service-52Jxms’: Permission denied
find: ‘/tmp/systemd-private-11fcb83783bd4c41982d9f9d846f79e1-systemd-timesyncd.service-Js6o4K’: Permission denied
find: ‘/tmp/systemd-private-11fcb83783bd4c41982d9f9d846f79e1-bolt.service-f4zT6S’: Permission denied
find: ‘/tmp/systemd-private-11fcb83783bd4c41982d9f9d846f79e1-colord.service-GCtlB9’: Permission denied
find: ‘/tmp/systemd-private-11fcb83783bd4c41982d9f9d846f79e1-fwupd.service-8MnGKe’: Permission denied
find: ‘/tmp/systemd-private-11fcb83783bd4c41982d9f9d846f79e1-rtkit-daemon.service-JhzOnF’: Permission denied
find: ‘/media’: Permission denied
find: ‘/proc/tty/driver’: Permission denied
find: ‘/proc/1/task/1/fd’: Permission denied
find: ‘/proc/1/task/1/fdinfo’: Permission denied
find: ‘/proc/1/task/1/ns’: Permission denied
find: ‘/proc/1/fd’: Permission denied
find: ‘/proc/1/map_files’: Permission denied
find: ‘/proc/1/fdinfo’: Permission denied
find: ‘/proc/1/ns’:
find: ‘/proc/6/map_files’: Permission denied
find: ‘/proc/6/fdinfo’: Permission denied
find: ‘/proc/6/ns’: Permission denied
find: ‘/proc/7/task/7/fd’: Permission denied
find: ‘/proc/7/task/7/fdinfo’: Permission denied
find: ‘/proc/7/task/7/ns’: Permission denied
find: ‘/proc/7/fd’: Permission denied
find: ‘/proc/7/map_files’: Permission denied
find: ‘/proc/7/fdinfo’: Permission denied
find: ‘/proc/7/ns’: Permission denied
find: ‘/proc/8/task/8/fd’: Permission denied
find: ‘/proc/8/task/8/fdinfo’: Permission denied
find: ‘/proc/8/task/8/ns’: Permission denied
find: ‘/proc/8/fd’: Permission denied
find: ‘/proc/8/map_files’: Permission denied
find: ‘/proc/8/fdinfo’: Permission denied
find: ‘/proc/8/ns’: Permission denied
find: ‘/proc/9/task/9/fd’: Permission denied
find: ‘/proc/9/task/9/fdinfo’: Permission denied
find: ‘/proc/9/task/9/ns’: Permission denied
find: ‘/proc/9/fd’: Permission denied
find: ‘/proc/9/map_files’: Permission denied
find: ‘/proc/9/fdinfo’: Permission denied
find: ‘/proc/9/ns’: Permission denied
find: ‘/proc/10/task/10/fd’: Permission denied
find: ‘/proc/10/task/10/fdinfo’: Permission denied
find: ‘/proc/10/task/10/ns’: Permission denied
find: ‘/proc/10/fd’: Permission denied
find: ‘/proc/10/map_files’: Permission denied
find: ‘/penied
find: ‘/proc/13/task/13/ns’: Permission denied
find: ‘/proc/13/fd’: Permission denied
find: ‘/proc/13/map_files’: Permission denied
find: ‘/proc/13/fdinfo’: Permission denied
find: ‘/proc/13/ns’: Permission denied
find: ‘/proc/14/task/14/fd’: Permission denied
find: ‘/proc/14/task/14/fdinfo’: Permission denied
find: ‘/proc/14/task/14/ns’: Permission denied
find: ‘/proc/14/fd’: Permission denied
find: ‘/proc/14/map_files’: Permission denied
find: ‘/proc/14/fdinfo’: Permission denied
find: ‘/proc/14/ns’: Permission denied
find: ‘/proc/1
find: ‘/proc/20/task/20/ns’: Permission denied
find: ‘/proc/20/fd’: Permission denied
find: ‘/proc/20/map_files’: Permission denied
find: ‘/proc/20/fdinfo’: Permission denied
find: ‘/proc/20/ns’: Permission denied
find: ‘/proc/21/task/21/fd’: Permission denied
find: ‘/proc/21/task/21/fdinfo’: Permission denied
find: ‘/proc/21/task/21/ns’: Permission denied
find: ‘/
find: ‘/proc/24/fd’: Permission denied
find: ‘/proc/24/map_files’: Permission denied
find: ‘/proc/24/fdinfo’: Permission denied
find: ‘/proc/24/ns’: Permission denied
find: ‘/proc/25/task/25/fd’: Permission denied
find: ‘/proc/25/task/25/fdinfo’: Permission denied
find: ‘/proc/25/task/25/ns’: Permission denied
find: ‘/proc/25/fd’: Permission denied
find: ‘/proc/25/map_files’: Permission denied
find: ‘/proc/25/fdinfo’: Permission denied
find: ‘/proc/25/ns’: Permission denied
find: ‘/proc/26/task/26/fd’: Permission denied
find: ‘/proc/26/task/26/fdinfo’: Permission denied
find: ‘/proc/26/task/26/ns’: Permission denied
find: ‘/proc/26/fd’: Permission denied
find: ‘/proc/26/map_files’: Permission denied
find: ‘/proc/26/fdinfo’: Permission denied
find: ‘/proc/26/ns’: Permission denied
find: ‘/proc/27/task/27/fd’: Permission denied
find: ‘/proc/27/task/27/fdinfo’: Permission denied
find: ‘/proc/27/task/27/ns’: Permission denied
find: ‘/proc/27/fd’: Permission denied
find: ‘/proc/27/map_files’: Permission denied
find: ‘/proc/27/fdinfo’: Permission denied
find: ‘/proc/27/ns’: Permission denied
find: ‘/proc/28/task/28/fd’: Permission denied
find: ‘/proc/28/task/28/fdinfo’: Permission denied
find: ‘/proc/28/task/28/ns’: Permission denied
find: ‘/proc/28/fd’: Permission denied
find: ‘/proc/28/map_files’: Permission denied
find: ‘/proc/28/fdinfo’: Permission denied
find: ‘/proc/28/ns’: Permission denied
find: ‘/proc/30/task/30/fd’: Permission denied
find: ‘/proc/30/task/30/fdinfo’: Permission denied
find: ‘/proc/30/task/30/ns’: Permission denied
find: ‘/proc/30/fd’: Permission denied
find: ‘/proc/30/map_files’: Permission denied
find: ‘/proc/30/fdinfo’: Permission denied
find: ‘/proc/30/ns’: Permission denied
find: ‘/proc/31/task/31/fd’: Permission denied
find: ‘/proc/31/task/31/fdinfo’: Permission denied
find: ‘/proc/31/task/31/ns’: Permission denied
find: ‘/proc/31/fd’: Permission denied
find: ‘/proc/31/map_files’: Permission denied
find: ‘/proc/31/fdinfo’: Permission denied
find: ‘/proc/31/ns’: Permission denied
find: ‘/proc/32/task/32/fd’: Permission denied
find: ‘/proc/32/task/32/fdinfo’: Permission denied
find: ‘/proc/32/task/32/ns’: Permission denied
find: ‘/proc/32/fd’: Permission denied
find: ‘/proc/32/map_files’: Permission denied
find: ‘/proc/32/fdinfo’: Permission denied
find: ‘/proc/32/ns’: Permission denied
find: ‘/proc/33/task/33/fd’: Permission denied
find: ‘/proc/33/task/33/fdinfo’: Permission denied
find: ‘/proc/33/task/33/ns’: Permission denied
find: ‘/proc/33/fd’: Permission denied
find: ‘/proc/33/map_files’: Permission denied
find: ‘/proc/33/fdinfo’: Permission denied
find: ‘/proc/33/ns’: Permission denied
find: ‘/proc/34/task/34/fd’: Permission denied
find: ‘/proc/34/task/34/fdinfo’: Permission denied
find: ‘/proc/34/task/34/ns’: Permission denied
find: ‘/proc/34/fd’: Permission denied
find: ‘/proc/34/map_files’: Permission denied
find: ‘/proc/34/fdinfo’: Permission denied
find: ‘/proc/34/ns’: Permission denied
find: ‘/proc/35/task/35/fd’: Permission denied
find: ‘/proc/35/task/35/fdinfo’: Permission denied
find: ‘/proc/35/task/35/ns’: Permission denied
find: ‘/proc/35/fd’: Permission denied
find: ‘/proc/35/map_files’: Permission denied
find: ‘/proc/35/fdinfo’: Permission denied
find: ‘/proc/35/ns’: Permission denied
find: ‘/proc/36/task/36/fd’: Permission denied
find: ‘/proc/36/task/36/fdinfo’: Permission denied
find: ‘/proc/36/task/36/ns’: Permission denied
find: ‘/proc/36/fd’: Permission denied
find: ‘/proc/36/map_files’: Permission denied
find: ‘/proc/36/fdinfo’: Permission denied
find: ‘/proc/36/ns’: Permission denied
find: ‘/proc/38/task/38/fd’: Permission denied
find: ‘/proc/38/task/38/fdinfo’: Permission denied
find: ‘/proc/38/task/38/ns’: Permission denied
find: ‘/proc/38/fd’: Permission denied
find: ‘/proc/38/map_files’: Permission denied
find: ‘/proc/38/fdinfo’: Permission denied
find: ‘/proc/38/ns’: Permission denied
find: ‘/proc/39/task/39/fd’: Permission denied
find: ‘/proc/39/task/39/fdinfo’: Permission denied
find: ‘/proc/39/task/39/ns’: Permission denied
find: ‘/proc/39/fd’: Permission denied
find: ‘/proc/39/map_files’: Permission denied
find: ‘/proc/39/fdinfo’: Permission denied
find: ‘/proc/39/ns’: Permission denied
find: ‘/proc/40/task/40/fd’: Permission denied
find: ‘/proc/40/task/40/fdinfo’: Permission denied
find: ‘/proc/40/task/40/ns’: Permission denied
find: ‘/proc/40/fd’: Permission denied
find: ‘/proc/40/map_files’: Permission denied
find: ‘/proc/40/fdinfo’: Permission denied
find: ‘/proc/40/ns’: Permission denied
find: ‘/proc/41/task/41/fd’: Permission denied
find: ‘/proc/41/task/41/fdinfo’: Permission denied
find: ‘/proc/41/task/41/ns’: Permission denied
find: ‘/proc/41/fd’: Permission denied
find: ‘/proc/41/map_files’: Permission denied
find: ‘/proc/41/fdinfo’: Permission denied
find: ‘/proc/41/ns’: Permission denied
find: ‘/proc/42/task/42/fd’: Permission denied
find: ‘/proc/42/task/42/fdinfo’: Permission denied
find: ‘/proc/42/task/42/ns’: Permission denied
find: ‘/proc/42/fd’: Permission denied
find: ‘/proc/42/map_files’: Permission denied
find: ‘/proc/42/fdinfo’: Permission denied
find: ‘/proc/42/ns’: Permission denied
find: ‘/proc/43/task/43/fd’: Permission denied
find: ‘/proc/43/task/43/fdinfo’: Permission denied
find: ‘/proc/43/task/43/ns’: Permission denied
find: ‘/proc/43/fd’: Permission denied
find: ‘/proc/43/map_files’: Permission denied
find: ‘/proc/43/fdinfo’: Permission denied
find: ‘/proc/43/ns’: Permission denied
find: ‘/proc/44/task/44/fd’: Permission denied
find: ‘/proc/44/task/44/fdinfo’: Permission denied
find: ‘/proc/44/task/44/ns’: Permission denied
find: ‘/proc/44/fd’: Permission denied
find: ‘/proc/44/map_files’: Permission denied
find: ‘/proc/44/fdinfo’: Permission denied
find: ‘/proc/44/ns’: Permission denied
find: ‘/proc/45/task/45/fd’: Permission denied
find: ‘/proc/45/task/45/fdinfo’: Permission denied
find: ‘/proc/45/task/45/ns’: Permission denied
find: ‘/proc/45/fd’: Permission denied
find: ‘/proc/45/map_files’: Permission denied
find: ‘/proc/45/fdinfo’: Permission denied
find: ‘/proc/45/ns’: Permission denied
find: ‘/proc/46/task/46/fd’: Permission denied
find: ‘/proc/46/task/46/fdinfo’: Permission denied
find: ‘/proc/46/task/46/ns’: Permission denied
find: ‘/proc/46/fd’: Permission denied
find: ‘/proc/46/map_files’: Permission denied
find: ‘/proc/46/fdinfo’: Permission denied
find: ‘/proc/46/ns’: Permission denied
find: ‘/proc/47/task/47/fd’: Permission denied
find: ‘/proc/47/task/47/fdinfo’: Permission denied
find: ‘/proc/47/task/47/ns’: Permission denied
find: ‘/proc/47/fd’: Permission denied
find: ‘/proc/47/map_files’: Permission denied
find: ‘/proc/47/fdinfo’: Permission denied
find: ‘/proc/47/ns’: Permission denied
find: ‘/proc/48/task/48/fd’: Permission denied
find: ‘/proc/48/task/48/fdinfo’: Permission denied
find: ‘/proc/48/task/48/ns’: Permission denied
find: ‘/proc/48/fd’: Permission denied
find: ‘/proc/48/map_files’: Permission denied
find: ‘/proc/48/fdinfo’: Permission denied
find: ‘/proc/48/ns’: Permission denied
find: ‘/proc/49/task/49/fd’: Permission denied
find: ‘/proc/49/task/49/fdinfo’: Permission denied
find: ‘/proc/49/task/49/ns’: Permission denied
find: ‘/proc/49/fd’: Permission denied
find: ‘/proc/49/map_files’: Permission denied
find: ‘/proc/49/fdinfo’: Permission denied
find: ‘/proc/49/ns’: Permission denied
find: ‘/proc/50/task/50/fd’: Permission denied
find: ‘/proc/50/task/50/fdinfo’: Permission denied
find: ‘/proc/50/task/50/ns’: Permission denied
find: ‘/proc/50/fd’: Permission denied
find: ‘/proc/50/map_files’: Permission denied
find: ‘/proc/50/fdinfo’: Permission denied
find: ‘/proc/50/ns’: Permission denied
find: ‘/proc/51/task/51/fd’: Permission denied
find: ‘/proc/51/task/51/fdinfo’: Permission denied
find: ‘/proc/51/task/51/ns’: Permission denied
find: ‘/proc/51/fd’: Permission denied
find: ‘/proc/51/map_files’: Permission denied
find: ‘/proc/51/fdinfo’: Permission denied
find: ‘/proc/51/ns’: Permission denied
find: ‘/proc/52/task/52/fd’: Permission denied
find: ‘/proc/52/task/52/fdinfo’: Permission denied
find: ‘/proc/52/task/52/ns’: Permission denied
find: ‘/proc/52/fd’: Permission denied
find: ‘/proc/52/map_files’: Permission denied
find: ‘/proc/52/fd
find: ‘/proc/99/task/99/fd’: Permission denied
find: ‘/proc/99/task/99/fdinfo’: Permission deni denied
find: ‘/proc/180/ns’: Permission denied
find: ‘/proc/181/task/181/fd’: Permission denied
find: ‘/proc/181/task/181/fdinfo’: Permission denied
find: ‘/proc/181/task/181/ns’: Permission denied
find: ‘/proc/181/fd’: Permission denied
find: ‘/proc/181/map_files’: Permission denied
find: ‘/proc/181/fdinfo’: Permission denied
find: ‘/proc/181/ns’: Permission denied
find: ‘/proc/182/task/182/fd’: Permission denied
find: ‘/proc/182/task/182/fdinfo’: Permission denied
find: ‘/proc/182/task/182/ns’: Permission denied
find: ‘/proc/182/fd’: Permission denied
find: ‘/proc/182/map_files’: Permission denied
find: ‘/proc/182/fdinfo’: Permission denied
find: ‘/proc/182/ns’: Permission denied
find: ‘/proc/183/task/183/fd’: Permission denied
find: ‘/proc/183/task/183/fdinfo’: Permission denied
find: ‘/proc/183/task/183/ns’: Permission denied
find: ‘/proc/183/fd’: Permission denied
find: ‘/proc/183/map_files’: Permission denied
find: ‘/proc/183/fdinfo’: Permission denied
find: ‘/proc/183/ns’: Permission denied
find: ‘/proc/184/task/184/fd’: Permission denied
find: ‘/proc/184/task/184/fdinfo’: Permission denied
find: ‘/proc/184/task/184/ns’: Permission denied
find: ‘/proc/184/fd’: Permission denied
find: ‘/proc/184/map_files’: Permission denied
find: ‘/proc/184/fdinfo’: Permission denied
find: ‘/proc/184/ns’: Permission denied
find: ‘/proc/185/task/185/fd’: Permission denied
find: ‘/proc/185/task/185/fdinfo’: Permission denied
find: ‘/proc/185/task/185/ns’: Permission denied
find: ‘/proc/185/fd’: Permission denied
find: ‘/proc/185/map_files’: Permission denied
find: ‘/proc/185/fdinfo’: Permission denied
find: ‘/proc/185/ns’: Permission denied
find: ‘/proc/186/task/186/fd’: Permission denied
find: ‘/proc/186/task/186/fdinfo’: Permission denied
find: ‘/proc/186/task/186/ns’: Permission denied
find: ‘/proc/186/fd’: Permission denied
find: ‘/proc/186/map_files’: Permission denied
find: ‘/proc/186/fdinfo’: Permission denied
find: ‘/proc/186/ns’: Permission denied
find: ‘/proc/187/task/187/fd’: Permission denied
find: ‘/proc/187/task/187/fdinfo’: Permission denied
find: ‘/proc/187/task/187/ns’: Permission denied
find: ‘/proc/187/fd’: Permission denied
find: ‘/proc/187/map_files’: Permission denied
find: ‘/proc/187/fdinfo’: Permission denied
find: ‘/proc/187/ns’: Permission denied
find: ‘/proc/188/task/188/fd’: Permission denied
find: ‘/proc/188/task/188/fdinfo’: Permission denied
find: ‘/proc/188/task/188/ns’: Permission denied
find: ‘/proc/188/fd’: Permission denied
find: ‘/proc/188/map_files’: Permission denied
find: ‘/proc/188/fdinfo’: Permission denied
find: ‘/proc/188/ns’: Permission denied
find: ‘/proc/189/task/189/fd’: Permission denied
find: ‘/proc/189/task/189/fdinfo’: Permission denied
find: ‘/proc/189/task/189/ns’: Permission denied
find: ‘/proc/189/fd’: Permission denied
find: ‘/proc/189/map_files’: Permission denied
find: ‘/proc/189/fdinfo’: Permission denied
find: ‘/proc/189/ns’: Permission denied
find: ‘/proc/190/task/190/fd’: Permission denied
find: ‘/proc/190/task/190/fdinfo’: Permission denied
find: ‘/proc/190/task/190/ns’: Permission denied
find: ‘/proc/190/fd’: Permission denied
find: ‘/proc/190/map_files’: Permission denied
find: ‘/proc/190/fdinfo’: Permission denied
find: ‘/proc/190/ns’: Permission denied
find: ‘/proc/191/task/191/fd’: Permission denied
find: ‘/proc/191/task/191/fdinfo’: Permission denied
find: ‘/proc/191/task/191/ns’: Permission denied
find: ‘/proc/191/fd’: Permission denied
find: ‘/proc/191/map_files’: Permission denied
find: ‘/proc/191/fdinfo’: Permission denied
find: ‘/proc/191/ns’: Permission denied
find: ‘/proc/194/task/194/fd’: Permission denied
find: ‘/proc/194/task/194/fdinfo’: Permission denied
find: ‘/proc/194/task/194/ns’: Permission denied
find: ‘/proc/194/fd’: Permission denied
find: ‘/proc/194/map_files’: Permission denied
find: ‘/proc/194/fdinfo’: Permission denied
find: ‘/proc/194/ns’: Permission denied
find: ‘/proc/195/task/195/fd’: Permission denied
find: ‘/proc/195/task/195/fdinfo’: Permission denied
find: ‘/proc/195/task/195/ns’: Permission denied
find: ‘/proc/195/fd’: Permission denied
find: ‘/proc/195/map_files’: Permission denied
find: ‘/proc/195/fdinfo’: Permission denied
find: ‘/proc/195/ns’: Permission denied
find: ‘/proc/197/task/197/fd’: Permission denied
find: ‘/proc/197/task/197/fdinfo’: Permission denied
find: ‘/proc/197/task/197/ns’: Permission denied
find: ‘/proc/197/fd’: Permission denied
find: ‘/proc/197/map_files’: Permission denied
find: ‘/proc/197/fdinfo’: Permission denied
find: ‘/proc/197/ns’: Permission denied
find: ‘/proc/198/task/198/fd’: Permission denied
find: ‘/proc/198/task/198/fdinfo’: Permission denied
find: ‘/proc/198/task/198/ns’: Permission denied
find: ‘/proc/198/fd’: Permission denied
find: ‘/proc/198/map_files’: Permission denied
find: ‘/proc/198/fdinfo’: Permission denied
find: ‘/proc/198/ns’: Permission denied
find: ‘/proc/199/task/199/fd’: Permission denied
find: ‘/proc/199/task/199/fdinfo’: Permission denied
find: ‘/proc/199/task/199/ns’: Permission denied
find: ‘/proc/199/fd’: Permission denied
find: ‘/proc/199/map_files’: Permission denied
find: ‘/proc/199/fdinfo’: Permission denied
find: ‘/proc/199/ns’: Permission denied
find: ‘/proc/200/task/200/fd’: Permission denied
find: ‘/proc/200/task/200/fdinfo’: Permission denied
find: ‘/proc/200/task/200/ns’: Permission denied
find: ‘/proc/200/fd’: Permission denied
find: ‘/proc/200/map_files’: Permission denied
find: ‘/proc/200/fdinfo’: Permission denied
find: ‘/proc/200/ns’: Permission denied
find: ‘/proc/201/task/201/fd’: Permission denied
find: ‘/proc/201/task/201/fdinfo’: Permission denied
find: ‘/proc/201/task/201/ns’: Permission denied
find: ‘/proc/201/fd’: Permission denied
find: ‘/proc/201/map_files’: Permission denied
find: ‘/proc/201/fdinfo’: Permission denied
find: ‘/proc/201/ns’: Permission denied
find: ‘/proc/205/task/205/fd’: Permission denied
find: ‘/proc/205/task/205/fdinfo’: Permission denied
find: ‘/proc/205/task/205/ns’: Permission denied
find: ‘/proc/205/fd’: Permission denied
find: ‘/proc/205/map_files’: Permission denied
find: ‘/proc/205/fdinfo’: Permission denied
find: ‘/proc/205/ns’: Permission denied
find: ‘/proc/215/task/215/fd’: Permission denied
find: ‘/proc/215/task/215/fdinfo’: Permission denied
find: ‘/proc/215/task/215/ns’: Permission denied
find: ‘/proc/215/fd’: Permission denied
find: ‘/proc/215/map_files’: Permission denied
find: ‘/proc/215/fdinfo’: Permission denied
find: ‘/proc/215/ns’: Permission denied
find: ‘/proc/216/task/216/fd’: Permission denied
find: ‘/proc/216/task/216/fdinfo’: Permission denied
find: ‘/proc/216/task/216/ns’: Permission denied
find: ‘/proc/216/fd’: Permission denied
find: ‘/proc/216/map_files’: Permission denied
find: ‘/proc/216/fdinfo’: Permission denied
find: ‘/proc/216/ns’: Permission denied
find: ‘/proc/244/task/244/fd’: Permission denied
find: ‘/proc/244/task/244/fdinfo’: Permission denied
find: ‘/proc/244/task/244/ns’: Permission denied
find: ‘/proc/244/fd’: Permission denied
find: ‘/proc/244/map_files’: Permission denied
find: ‘/proc/244/fdinfo’: Permission denied
find: ‘/proc/244/ns’: Permission denied
find: ‘/proc/246/task/246/fd’: Permission denied
find: ‘/proc/246/task/246/fdinfo’: Permission denied
find: ‘/proc/246/task/246/ns’: Permission denied
find: ‘/proc/246/fd’: Permission denied
find: ‘/proc/246/map_files’: Permission denied
find: ‘/proc/246/fdinfo’: Permission denied
find: ‘/proc/246/
find: ‘/proc/299/map_files’: Permission denied
find: ‘/proc/299/fdinfo’: Permission denied
find: ‘/proc/299/ns’: Permission denied
find: ‘/proc/306/task/306/fd’: Permission denied
find: ‘/proc/306/task/306/fdinfo’: Permission denied
find: ‘/proc/306/task/306/ns’: Permission denied
find: ‘/proc/306/fd’: Permission denied
find: ‘/proc/306/map_files’: Permission denied
find: ‘/proc/306/fdinfo’: Permission denied
find: ‘/proc/306/ns’: Permission denied
find: ‘/proc/307/task/307/fd’: Permission denied
find: ‘/proc/307/task/307/fdinfo’: Permission denied
find: ‘/proc/307/task/307/ns’: Permission denied
find: ‘/proc/307/fd’: Permission denied
find: ‘/proc/307/map_files’: Permission denied
find: ‘/proc/307/fdinfo’: Permission denied
find: ‘/proc/307/ns’: Permission denied
find: ‘/proc/309/task/309/fd’: Permission denied
find: ‘/proc/309/task/309/fdinfo’: Permission denied
find: ‘/proc/309/task/309/ns’: Permission denied
find: ‘/proc/309/fd’: Permission denied
find: ‘/proc/309/map_files’: Permission denied
find: ‘/proc/309/fdinfo’: Permission denied
find: ‘/proc/309/ns’: Permission denied
find: ‘/proc/311/task/311/fd’: Permission denied
find: ‘/proc/311/task/311/fdinfo’: Permission denied
find: ‘/proc/311/task/311/ns’: Permission denied
find: ‘/proc/311/fd’: Permission denied
find: ‘/proc/311/map_files’: Permission denied
find: ‘/proc/311/fdinfo’: Permission denied
find: ‘/proc/311/ns’: Permission denied
find: ‘/proc/316/task/316/fd’: Permission denied
find: ‘/proc/316/task/316/fdinfo’: Permission denied
find: ‘/proc/316/task/316/ns’: Permission denied
find: ‘/proc/316/fd’: Permission denied
find: ‘/proc/316/map_files’: Permission denied
find: ‘/proc/316/fdinfo’: Permission denied
find: ‘/proc/316/ns’: Permission denied
find: ‘/proc/320/task/320/fd’: Permission denied
find: ‘/proc/320/task/320/fdinfo’: Permission denied
find: ‘/proc/320/task/320/ns’: Permission denied
find: ‘/proc/320/fd’: Permission denied
find: ‘/proc/320/map_files’: Permission denied
find: ‘/proc/320/fdinfo’: Permission denied
find: ‘/proc/320/ns’: Permission denied
find: ‘/proc/322/task/322/fd’: Permission denied
find: ‘/proc/322/task/322/fdinfo’: Permission denied
find: ‘/proc/322/task/322/ns’: Permission denied
find: ‘/proc/322/fd’: Permission denied
find: ‘/proc/322/map_files’: Permission denied
find: ‘/proc/322/fdinfo’: Permission denied
find: ‘/proc/322/ns’: Permission denied
find: ‘/proc/325/task/325/fd’: Permission denied
find: ‘/proc/325/task/325/fdinfo’: Permission denied
find: ‘/proc/325/task/325/ns’: Permission denied
find: ‘/proc/325/fd’: Permission denied
find: ‘/proc/325/map_files’: Permission denied
find: ‘/proc/325/fdinfo’: Permission denied
find: ‘/proc/325/ns’: Permission denied
find: ‘/proc/328/task/328/fd’: Permission denied
find: ‘/proc/328/task/328/fdinfo’: Permission denied
find: ‘/proc/328/task/328/ns’: Permission denied
find: ‘/proc/328/fd’: Permission denied
find: ‘/proc/328/map_files’: Permission denied
find: ‘/proc/328/fdinfo’: Permission denied
find: ‘/proc/328/ns’: Permission denied
find: ‘/proc/329/task/329/fd’: Permission denied
find: ‘/proc/329/task/329/fdinfo’: Permission denied
find: ‘/proc/329/task/329/ns’: Permission denied
find: ‘/proc/329/fd’: Permission denied
find: ‘/proc/329/map_files’: Permission denied
find: ‘/proc/329/fdinfo’: Permission denied
find: ‘/proc/329/ns’: Permission denied
find: ‘/proc/330/task/330/fd’: Permission denied
find: ‘/proc/330/task/330/fdinfo’: Permission denied
find: ‘/proc/330/task/330/ns’: Permission denied
find: ‘/proc/330/fd’: Permission denied
find: ‘/proc/330/map_files’: Permission denied
find: ‘/proc/330/fdinfo’: Permission denied
find: ‘/proc/330/ns’: Permission denied
find: ‘/proc/332/task/332/fd’: Permission denied
find: ‘/proc/332/task/332/fdinfo’: Permission denied
find: ‘/proc/332/task/332/ns’: Permission denied
find: ‘/proc/332/fd’: Permission denied
find: ‘/proc/332/map_files’: Permission denied
find: ‘/proc/332/fdinfo’: Permission denied
find: ‘/proc/332/ns’: Permission denied
find: ‘/proc/335/task/335/fd’: Permission denied
find: ‘/proc/335/task/335/fdinfo’: Permission denied
find: ‘/proc/335/task/335/ns’: Permission denied
find: ‘/proc/335/fd’: Permission denied
find: ‘/proc/335/map_files’: Permission denied
find: ‘/proc/335/fdinfo’: Permission denied
find: ‘/proc/335/ns’: Permission denied
find: ‘/proc/339/task/339/fd’: Permission denied
find: ‘/proc/339/task/339/fdinfo’: Permission denied
find: ‘/proc/339/task/339/ns’: Permission denied
find: ‘/proc/339/fd’: Permission denied
find: ‘/proc/339/map_files’: Permission denied
find: ‘/proc/339/fdinfo’: Permission denied
find: ‘/proc/339/ns’: Permission denied
find: ‘/proc/340/task/340/fd’: Permission denied
find: ‘/proc/340/task/340/fdinfo’: Permission denied
find: ‘/proc/340/task/340/ns’: Permission denied
find: ‘/proc/340/fd’: Permission denied
find: ‘/proc/340/map_files’: Permission denied
find: ‘/proc/340/fdinfo’: Permission denied
find: ‘/proc/340/ns’: Permission denied
find: ‘/proc/343/task/343/fd’: Permission denied
find: ‘/proc/343/task/343/fdinfo’: Permission denied
find: ‘/proc/343/task/343/ns’: Permission denied
find: ‘/proc/343/fd’: Permission denied
find: ‘/proc/343/map_files’: Permission denied
find: ‘/proc/343/fdinfo’: Permission denied
find: ‘/proc/343/ns’: Permission denied
find: ‘/proc/344/task/344/fd’: Permission denied
find: ‘/proc/344/task/344/fdinfo’: Permission denied
find: ‘/proc/344/task/344/ns’: Permission denied
find: ‘/proc/344/fd’: Permission denied
find: ‘/proc/344/map_files’: Permission denied
find: ‘/proc/344/fdinfo’: Permission denied
find: ‘/proc/344/ns’: Permission denied
find: ‘/proc/345/task/345/fd’: Permission denied
find: ‘/proc/345/task/345/fdinfo’: Permission denied
find: ‘/proc/345/task/345/ns’: Permission denied
find: ‘/proc/345/fd’: Permission denied
find: ‘/proc/345/map_files’: Permission denied
find: ‘/proc/345/fdinfo’: Permission denied
find: ‘/proc/345/ns’: Permission denied
find: ‘/proc/357/task/357/fd’: Permission denied
find: ‘/proc/357/task/357/fdinfo’: Permission denied
find: ‘/proc/357/task/357/ns’: Permission denied
find: ‘/proc/357/fd’: Permission denied
find: ‘/proc/357/map_files’: Permission denied
find: ‘/proc/357/fdinfo’: Permission denied
find: ‘/proc/357/ns’: Permission denied
find: ‘/proc/358/task/358/fd’: Permission denied
find: ‘/proc/358/task/358/fdinfo’: Permission denied
find: ‘/proc/358/task/358/ns’: Permission denied
find: ‘/proc/358/fd’: Permission denied
find: ‘/proc/358/map_files’: Permission denied
find: ‘/proc/358/fdinfo’: Permission denied
find: ‘/proc/358/ns’: Permission denied
find: ‘/proc/359/task/359/fd’: Permission denied
find: ‘/proc/359/task/359/fdinfo’: Permission denied
find: ‘/proc/359/task/359/ns’: Permission denied
find: ‘/proc/359/fd’: Permission denied
find: ‘/proc/359/map_files’: Permission denied
fi
find: ‘/proc/501/fdinfo’: Permission denied
find: ‘/proc/501/ns’: Permission denied
find: ‘/proc/717/task/717/fd’: Permission denied
find: ‘/proc/717/task/717/fdinfo’: Permission denied
find: ‘/proc/717/task/717/ns’: Permission denied
find: ‘/proc/717/fd’: Permission denied
find: ‘/proc/717/map_files’: Permission denied
find: ‘/proc/717/fdinfo’: Permission denied
find: ‘/proc/717/ns’: Permission denied
find: ‘/proc/718/task/718/fd’: Permission denied
find: ‘/proc/718/task/718/fdinfo’: Permission denied
find: ‘/proc/718/task/718/ns’: Permission denied
find: ‘/proc/718/task/778/fd’: Permission denied
find: ‘/proc/718/task/778/fdinfo’: Permission denied
find: ‘/proc/718/task/778/ns’: Permission denied
find: ‘/proc/718/fd’: Permission denied
find: ‘/proc/718/map_files’: Permission denied
find: ‘/proc/718/fdinfo’: Permission denied
find: ‘/proc/718/ns’: Permission denied
find: ‘/proc/1026/task/1026/fd’: Permission denied
find: ‘/proc/1026/task/1026/fdinfo’: Permission denied
find: ‘/proc/1026/task/1026/ns’: Permission denied
find: ‘/proc/1026/task/1110/fd’: Permission denied
find: ‘/proc/1026/task/1110/fdinfo’: Permission denied
find: ‘/proc/1026/task/1110/ns’: Permission denied
find: ‘/proc/1026/task/1117/fd’: Permission denied
find: ‘/proc/1026/task/1117/fdinfo’: Permission denied
find: ‘/proc/1026/task/1117/ns’: Permission denied
find: ‘/proc/1026/fd’: Permission denied
find: ‘/proc/1026/map_files’: Permission denied
find: ‘/proc/1026/fdinfo’: Permission denied
find: ‘/proc/1026/ns’: Permission denied
find: ‘/proc/1027/task/1027/fd’: Permission denied
find: ‘/proc/1027/task/1027/fdinfo’: Permission denied
find: ‘/proc/1027/task/1027/ns’: Permission denied
find: ‘/proc/1027/task/1108/fd’: Permission denied
find: ‘/proc/1027/task/1108/fdinfo’: Permission denied
find: ‘/proc/1027/task/1108/ns’: Permission denied
find: ‘/proc/1027/task/1116/fd’: Permission denied
find: ‘/proc/1027/task/1116/fdinfo’: Permission denied
find: ‘/proc/1027/task/1116/ns’: Permission denied
find: ‘/proc/1027/fd’: Permission denied
find: ‘/proc/1027/map_files’: Permission denied
find: ‘/proc/1027/fdinfo’: Permission denied
find: ‘/proc/1027/ns’: Permission denied
find: ‘/proc/1028/task/1028/fd’: Permission denied
find: ‘/proc/1028/task/1028/fdinfo’: Permission denied
find: ‘/proc/1028/task/1028/ns’: Permission denied
find: ‘/proc/1028/fd’: Permission denied
find: ‘/proc/1028/map_files’: Permission denied
find: ‘/proc/1028/fdinfo’: Permission denied
find: ‘/proc/1028/ns’: Permission denied
find: ‘/proc/1029/task/1029/fd’: Permission denied
find: ‘/proc/1029/task/1029/fdinfo’: Permission denied
find: ‘/proc/1029/task/1029/ns’: Permission denied
find: ‘/proc/1029/fd’: Permission denied
find: ‘/proc/1029/map_files’: Permission denied
find: ‘/proc/1029/fdinfo’: Permission denied
find: ‘/proc/1029/ns’: Permission denied
find: ‘/proc/1031/task/1031/fd’: Permission denied
find: ‘/proc/1031/task/1031/fdinfo’: Permission denied
find: ‘/proc/1031/task/1031/ns’: Permission denied
find: ‘/proc/1031/fd’: Permission denied
find: ‘/proc/1031/map_files’: Permission denied
find: ‘/proc/1031/fdinfo’: Permission denied
find: ‘/proc/1031/ns’: Permission denied
find: ‘/proc/1032/task/1032/fd’: Permission denied
find: ‘/proc/1032/task/1032/fdinfo’: Permission denied
find: ‘/proc/1032/task/1032/ns’: Permission denied
find: ‘/proc/1032/fd’: Permission denied
find: ‘/proc/1032/map_files’: Permission denied
find: ‘/proc/1032/fdinfo’: Permission denied
find: ‘/proc/1032/ns’: Permission denied
find: ‘/proc/1042/task/1042/fd’: Permission denied
find: ‘/proc/1042/task/1042/fdinfo’: Permission denied
find: ‘/proc/1042/task/1042/ns’: Permission denied
find: ‘/proc/1042/task/1133/fd’: Permission denied
find: ‘/proc/1042/task/1133/fdinfo’: Permission denied
find: ‘/proc/1042/task/1133/ns’: Permission denied
find: ‘/proc/1042/task/1135/fd’: Permission denied
find: ‘/proc/1042/task/1135/fdinfo’: Permission denied
find: ‘/proc/1042/task/1135/ns’: Permission denied
find: ‘/proc/1042/fd’: Permission denied
find: ‘/proc/1042/map_files’: Permission denied
find: ‘/proc/1042/fdinfo’: Permission denied
find: ‘/proc/1042/ns’: Permission denied
find: ‘/proc/1043/task/1043/fd’: Permission denied
find: ‘/proc/1043/task/1043/fdinfo’: Permission denied
find: ‘/proc/1043/task/1043/ns’: Permission denied
find: ‘/proc/1043/fd’: Permission denied
find: ‘/proc/1043/map_files’: Permission denied
find: ‘/proc/1043/fdinfo’: Permission denied
find: ‘/proc/1043/ns’: Permission denied
find: ‘/proc/1044/task/1044/fd’: Permission denied
find: ‘/proc/1044/task/1044/fdinfo’: Permission denied
find: ‘/proc/1044/task/1044/ns’: Permission denied
find: ‘/proc/1044/task/1137/fd’: Permission denied
find: ‘/proc/1044/task/1137/fdinfo’: Permission denied
find: ‘/proc/1044/task/1137/ns’: Permission denied
find: ‘/proc/1044/fd’: Permission denied
find: ‘/proc/1044/map_files’: Permission denied
find: ‘/proc/1044/fdinfo’: Permission denied
find: ‘/proc/1044/ns’: Permission denied
find: ‘/proc/1045/task/1045/fd’: Permission denied
find: ‘/proc/1045/task/1045/fdinfo’: Permission denied
find: ‘/proc/1045/task/1045/ns’: Permission denied
find: ‘/proc/1045/fd’: Permission denied
find: ‘/proc/1045/map_files’: Permission denied
find: ‘/proc/1045/fdinfo’: Permission denied
find: ‘/proc/1045/ns’: Permission denied
find: ‘/proc/1047/task/1047/fd’: Permission denied
find: ‘/proc/1047/task/1047/fdinfo’: Permission denied
find: ‘/proc/1047/task/1047/ns’: Permission denied
find: ‘/proc/1047/task/1122/fd’: Permission denied
find: ‘/proc/1047/task/1122/fdinfo’: Permission denied
find: ‘/proc/1047/task/1122/ns’: Permission denied
find: ‘/proc/1047/task/1124/fd’: Permission denied
find: ‘/proc/1047/task/1124/fdinfo’: Permission denied
find: ‘/proc/1047/task/1124/ns’: Permission denied
find: ‘/proc/1047/task/1139/fd’: Permission denied
find: ‘/proc/1047/task/1139/fdinfo’: Permission denied
find: ‘/proc/1047/task/1139/ns’: Permission denied
find: ‘/proc/1047/task/1148/fd’: Permission denied
find: ‘/proc/1047/task/1148/fdinfo’: Permission denied
find: ‘/proc/1047/task/1148/ns’: Permission denied
find: ‘/proc/1047/fd’: Permission denied
find: ‘/proc/1047/map_files’: Permission denied
find: ‘/proc/1047/fdinfo’: Permission denied
find: ‘/proc/1047/ns’: Permission denied
find: ‘/proc/1052/task/1052/fd’: Permission denied
find: ‘/proc/1052/task/1052/fdinfo’: Permission denied
find: ‘/proc/1052/task/1052/ns’: Permission denied
find: ‘/proc/1052/fd’: Permission denied
find: ‘/proc/1052/map_files’: Permission denied
find: ‘/proc/1052/fdinfo’: Permission denied
find: ‘/proc/1052/ns’: Permission denied
find: ‘/proc/1053/task/1053/fd’: Permission denied
find: ‘/proc/1053/task/1053/fdinfo’: Permission denied
find: ‘/proc/1053/task/1053/ns’: Permission denied
find: ‘/proc/1053/task/1099/fd’: Permission denied
find: ‘/proc/1053/task/1099/fdinfo’: Permission denied
find: ‘/proc/1053/task/1099/ns’: Permission denied
find: ‘/proc/1053/fd’: Permission denied
find: ‘/proc/1053/map_files’: Permission denied
find: ‘/proc/1053/fdinfo’: Permission denied
find: ‘/proc/1053/ns’: Permission denied
find: ‘/proc/1058/task/1058/fd’: Permission denied
find: ‘/proc/1058/task/1058/fdinfo’: Permission denied
find: ‘/proc/1058/task/1058/ns’: Permission denied
find: ‘/proc/1058/fd’: Permission denied
find: ‘/proc/1058/map_files’: Permission denied
find: ‘/proc/1058/fdinfo’: Permission denied
find: ‘/proc/1058/ns’: Permission denied
find: ‘/proc/1060/task/1060/fd’: Permission denied
find: ‘/proc/1060/task/1060/fdinfo’: Permission denied
find: ‘/proc/1060/task/1060/ns’: Permission denied
find: ‘/proc/1060/task/1113/fd’: Permission denied
find: ‘/proc/1060/task/1113/fdinfo’: Permission denied
find: ‘/proc/1060/task/1113/ns’: Permission denied
find: ‘/proc/1060/task/1114/fd’: Permission denied
find: ‘/proc/1060/task/1114/fdinfo’: Permission denied
find: ‘/proc/1060/task/1114/ns’: Permission denied
find: ‘/proc/1060/task/1115/fd’: Permission denied
find: ‘/proc/1060/task/1115/fdinfo’: Permission denied
find: ‘/proc/1060/task/1115/ns’: Permission denied
find: ‘/proc/1060/fd’: Permission denied
find: ‘/proc/1060/map_files’: Permission denied
find: ‘/proc/1060/fdinfo’: Permission denied
find: ‘/proc/1060/ns’: Permission denied
find: ‘/proc/1075/task/1075/fd’: Permission denied
find: ‘/proc/1075/task/1075/fdinfo’: Permission denied
find: ‘/proc/1075/task/1075/ns’: Permission denied
find: ‘/proc/1075/task/1140/fd’: Permission denied
find: ‘/proc/1075/task/1140/fdinfo’: Permission denied
find: ‘/proc/1075/task/1140/ns’: Permission denied
find: ‘/proc/1075/fd’: Permission denied
find: ‘/proc/1075/map_files’: Permission denied
find: ‘/proc/1075/fdinfo’: Permission denied
find: ‘/proc/1075/ns’: Permission denied
find: ‘/proc/1078/task/1078/fd’: Permission denied
find: ‘/proc/1078/task/1078/fdinfo’: Permission denied
find: ‘/proc/1078/task/1078/ns’: Permission denied
find: ‘/proc/1078/task/1156/fd’: Permission denied
find: ‘/proc/1078/task/1156/fdinfo’: Permission denied
find: ‘/proc/1078/task/1156/ns’: Permission denied
find: ‘/proc/1078/task/1157/fd’: Permission denied
find: ‘/proc/1078/task/1157/fdinfo’: Permission denied
find: ‘/proc/1078/task/1157/ns’: Permission denied
find: ‘/proc/1078/task/1158/fd’: Permission denied
find: ‘/proc/1078/task/1158/fdinfo’: Permission denied
find: ‘/proc/1078/task/1158/ns’: Permission denied
find: ‘/proc/1078/task/1159/fd’: Permission denied
find: ‘/proc/1078/task/1159/fdinfo’: Permission denied
find: ‘/proc/1078/task/1159/ns’: Permission denied
find: ‘/proc/1078/task/1162/fd’: Permission denied
find: ‘/proc/1078/task/1162/fdinfo’: Permission denied
find: ‘/proc/1078/task/1162/ns’: Permission denied
find: ‘/proc/1078/task/1163/fd’: Permission denied
find: ‘/proc/1078/task/1163/fdinfo’: Permission denied
find: ‘/proc/1078/task/1163/ns’: Permission denied
find: ‘/proc/1078/task/1164/fd’: Permission denied
find: ‘/proc/1078/task/1164/fdinfo’: Permission denied
find: ‘/proc/1078/task/1164/ns’: Permission denied
find: ‘/proc/1078/task/1166/fd’: Permission denied
find: ‘/proc/1078/task/1166/fdinfo’: Permission denied
find: ‘/proc/1078/task/1166/ns’: Permission denied
find: ‘/proc/1078/task/1167/fd’: Permission denied
find: ‘/proc/1078/task/1167/fdinfo’: Permission denied
find: ‘/proc/1078/task/1167/ns’: Permission denied
find: ‘/proc/1078/task/1168/fd’: Permission denied
find: ‘/proc/1078/task/1168/fdinfo’: Permission denied

find: ‘/proc/1527/map_files’: Permission denied
find: ‘/proc/1527/fdinfo’: Permission denied
find: ‘/proc/1527/ns’: Permission denied
find: ‘/proc/1529/task/1529/fd’: Permission denied
find: ‘/proc/1529/task/1529/fdinfo’: Permission denied
find: ‘/proc/1529/task/1529/ns’: Permission denied
find: ‘/proc/1529/task/1534/fd’: Permission denied
find: ‘/proc/1529/task/1534/fdinfo’: Permission denied
find: ‘/proc/1529/task/1534/ns’: Permission denied
find: ‘/proc/1529/task/1535/fd’: Permission denied
find: ‘/proc/1529/task/1535/fdinfo’: Permission denied
find: ‘/proc/1529/task/1535/ns’: Permission denied
find: ‘/proc/1529/task/1537/fd’: Permission denied
find: ‘/proc/1529/task/1537/fdinfo’: Permission denied
find: ‘/proc/1529/task/1537/ns’: Permission denied
find: ‘/proc/1529/fd’: Permission denied
find: ‘/proc/1529/map_files’: Permission denied
find: ‘/proc/1529/fdinfo’: Permission denied
find: ‘/proc/1529/ns’: Permission denied
find: ‘/proc/1539/task/1539/fd’: Permission denied
find: ‘/proc/1539/task/1539/fdinfo’: Permission denied
find: ‘/proc/1539/task/1539/ns’: Permission denied
find: ‘/proc/1539/task/1546/fd’: Permission denied
find: ‘/proc/1539/task/1546/fdinfo’: Permission denied
find: ‘/proc/1539/task/1546/ns’: Permission denied
find: ‘/proc/1539/task/1547/fd’: Permission denied
find: ‘/proc/1539/task/1547/fdinfo’: Permission denied
find: ‘/proc/1539/task/1547/ns’: Permission denied
find: ‘/proc/1539/task/1576/fd’: Permission denied
find: ‘/proc/1539/task/1576/fdinfo’: Permission denied
find: ‘/proc/1539/task/1576/ns’: Permission denied
find: ‘/proc/1539/task/1608/fd’: Permission denied
find: ‘/proc/1539/task/1608/fdinfo’: Permission denied
find: ‘/proc/1539/task/1608/ns’: Permission denied
find: ‘/proc/1539/task/1615/fd’: Permission denied
find: ‘/proc/1539/task/1615/fdinfo’: Permission denied
find: ‘/proc/1539/task/1615/ns’: Permission denied
find: ‘/proc/1539/task/1616/fd’: Permission denied
find: ‘/proc/1539/task/1616/fdinfo’: Permission denied
find: ‘/proc/1539/task/1616/ns’: Permission denied
find: ‘/proc/1539/task/1617/fd’: Permission denied
find: ‘/proc/1539/task/1617/fdinfo’: Permission denied
find: ‘/proc/1539/task/1617/ns’: Permission denied
find: ‘/proc/1539/task/1618/fd’: Permission denied
find: ‘/proc/1539/task/1618/fdinfo’: Permission denied
find: ‘/proc/1539/task/1618/ns’: Permission denied
find: ‘/proc/1539/task/1619/fd’: Permission denied
find: ‘/proc/1539/task/1619/fdinfo’: Permission denied
find: ‘/proc/1539/task/1619/ns’: Permission denied
find: ‘/proc/1539/task/1620/fd’: Permission denied
find: ‘/proc/1539/task/1620/fdinfo’: Permission denied
find: ‘/proc/1539/task/1620/ns’: Permission denied
find: ‘/proc/1539/task/1621/fd’: Permission denied
find: ‘/proc/1539/task/1621/fdinfo’: Permission denied
find: ‘/proc/1539/task/1621/ns’: Permission denied
find: ‘/proc/1539/task/1622/fd’: Permission denied
find: ‘/proc/1539/task/1622/fdinfo’: Permission denied
find: ‘/proc/1539/task/1622/ns’: Permission denied
find: ‘/proc/1539/fd’: Permission denied
find: ‘/proc/1539/map_files’: Permission denied
find: ‘/proc/1539/fdinfo’: Permission denied
find: ‘/proc/1539/ns’: Permission denied
find: ‘/proc/1548/task/1548/fd’: Permission denied
find: ‘/proc/1548/task/1548/fdinfo’: Permission denied
find: ‘/proc/1548/task/1548/ns’: Permission denied
find: ‘/proc/1548/task/1549/fd’: Permission denied
find: ‘/proc/1548/task/1549/fdinfo’: Permission denied
find: ‘/proc/1548/task/1549/ns’: Permission denied
find: ‘/proc/1548/task/1550/fd’: Permission denied
find: ‘/proc/1548/task/1550/fdinfo’: Permission denied
find: ‘/proc/1548/task/1550/ns’: Permission denied
find: ‘/proc/1548/fd’: Permission denied
find: ‘/proc/1548/map_files’: Permission denied
find: ‘/proc/1548/fdinfo’: Permission denied
find: ‘/proc/1548/ns’: Permission denied
find: ‘/proc/1585/task/1585/fd’: Permission denied
find: ‘/proc/1585/task/1585/fdinfo’: Permission denied
find: ‘/proc/1585/task/1585/ns’: Permission denied
find: ‘/proc/1585/task/1589/fd’: Permission denied
find: ‘/proc/1585/task/1589/fdinfo’: Permission denied
find: ‘/proc/1585/task/1589/ns’: Permission denied
find: ‘/proc/1585/task/1590/fd’: Permission denied
find: ‘/proc/1585/task/1590/fdinfo’: Permission denied
find: ‘/proc/1585/task/1590/ns’: Permission denied
find: ‘/proc/1585/task/1591/fd’: Permission denied
find: ‘/proc/1585/task/1591/fdinfo’: Permission denied
find: ‘/proc/1585/task/1591/ns’: Permission denied
find: ‘/proc/1585/task/1592/fd’: Permission denied
find: ‘/proc/1585/task/1592/fdinfo’: Permission denied
find: ‘/proc/1585/task/1592/ns’: Permission denied
find: ‘/proc/1585/fd’: Permission denied
find: ‘/proc/1585/map_files’: Permission denied
find: ‘/proc/1585/fdinfo’: Permission denied
find: ‘/proc/1585/ns’: Permission denied
find: ‘/proc/1598/task/1598/fd’: Permission denied
find: ‘/proc/1598/task/1598/fdinfo’: Permission denied
find: ‘/proc/1598/task/1598/ns’: Permission denied
find: ‘/proc/1598/task/1599/fd’: Permission denied
find: ‘/proc/1598/task/1599/fdinfo’: Permission denied
find: ‘/proc/1598/task/1599/ns’: Permission denied
find: ‘/proc/1598/task/1600/fd’: Permission denied
find: ‘/proc/1598/task/1600/fdinfo’: Permission denied
find: ‘/proc/1598/task/1600/ns’: Permission denied
find: ‘/proc/1598/task/1602/fd’: Permission denied
find: ‘/proc/1598/task/1602/fdinfo’: Permission denied
find: ‘/proc/1598/task/1602/ns’: Permission denied
find: ‘/proc/1598/fd’: Permission denied
find: ‘/proc/1598/map_files’: Permission denied
find: ‘/proc/1598/fdinfo’: Permission denied
find: ‘/proc/1598/ns’: Permission denied
find: ‘/proc/1603/task/1603/fd’: Permission denied
find: ‘/proc/1603/task/1603/fdinfo’: Permission denied
find: ‘/proc/1603/task/1603/ns’: Permission denied
find: ‘/proc/1603/fd’: Permission denied
find: ‘/proc/1603/map_files’: Permission denied
find: ‘/proc/1603/fdinfo’: Permission denied
find: ‘/proc/1603/ns’: Permission denied
find: ‘/proc/1605/task/1605/fd’: Permission denied
find: ‘/proc/1605/task/1605/fdinfo’: Permission denied
find: ‘/proc/1605/task/1605/ns’: Permission denied
find: ‘/proc/1605/task/1606/fd’: Permission denied
find: ‘/proc/1605/task/1606/fdinfo’: Permission denied
find: ‘/proc/1605/task/1606/ns’: Permission denied
find: ‘/proc/1605/task/1607/fd’: Permission denied
find: ‘/proc/1605/task/1607/fdinfo’: Permission denied
find: ‘/proc/1605/task/1607/ns’: Permission denied
find: ‘/proc/1605/fd’: Permission denied
find: ‘/proc/1605/map_files’: Permission denied
find: ‘/proc/1605/fdinfo’: Permission denied
find: ‘/proc/1605/ns’: Permission denied
find: ‘/proc/1609/task/1609/fd’: Permission denied
find: ‘/proc/1609/task/1609/fdinfo’: Permission denied
find: ‘/proc/1609/task/1609/ns’: Permission denied
find: ‘/proc/1609/task/1613/fd’: Permission denied
find: ‘/proc/1609/task/1613/fdinfo’: Permission denied
find: ‘/proc/1609/task/1613/ns’: Permission denied
find: ‘/proc/1609/task/1614/fd’: Permission denied
find: ‘/proc/1609/task/1614/fdinfo’: Permission denied
find: ‘/proc/1609/task/1614/ns’: Permission denied
find: ‘/proc/1609/fd’: Permission denied
find: ‘/proc/1609/map_files’: Permission denied
find: ‘/proc/1609/fdinfo’: Permission denied
find: ‘/proc/1609/ns’: Permission denied
find: ‘/proc/1610/task/1610/fd’: Permission denied
find: ‘/proc/1610/task/1610/fdinfo’: Permission denied
find: ‘/proc/1610/task/1610/ns’: Permission denied
find: ‘/proc/1610/task/1611/fd’: Permission denied
find: ‘/proc/1610/task/1611/fdinfo’: Permission denied
find: ‘/proc/1610/task/1611/ns’: Permission denied
find: ‘/proc/1610/task/1612/fd’: Permission denied
find: ‘/proc/1610/task/1612/fdinfo’: Permission denied
find: ‘/proc/1610/task/1612/ns’: Permission denied
find: ‘/proc/1610/fd’: Permission denied
find: ‘/proc/1610/map_files’: Permission denied
find: ‘/proc/1610/fdinfo’: Permission denied
find: ‘/proc/1610/ns’: Permission denied
find: ‘/proc/1624/task/1624/fd’: Permission denied
find: ‘/proc/1624/task/1624/fdinfo’: Permission denied
find: ‘/proc/1624/task/1624/ns’: Permission denied
find: ‘/proc/1624/task/1625/fd’: Permission denied
find: ‘/proc/1624/task/1625/fdinfo’: Permission denied
find: ‘/proc/1624/task/1625/ns’: Permission denied
find: ‘/proc/1624/task/1630/fd’: Permission denied
find: ‘/proc/1624/task/1630/fdinfo’: Permission denied
find: ‘/proc/1624/task/1630/ns’: Permission denied
find: ‘/proc/1624/fd’: Permission denied
find: ‘/proc/1624/map_files’: Permission denied
find: ‘/proc/1624/fdinfo’: Permission denied
find: ‘/proc/1624/ns’: Permission denied
find: ‘/proc/1627/task/1627/fd’: Permission denied
find: ‘/proc/1627/task/1627/fdinfo’: Permission denied
find: ‘/proc/1627/task/1627/ns’: Permission denied
find: ‘/proc/1627/task/1637/fd’: Permission denied
find: ‘/proc/1627/task/1637/fdinfo’: Permission denied
find: ‘/proc/1627/task/1637/ns’: Permission denied
find: ‘/proc/1627/task/1638/fd’: Permission denied
find: ‘/proc/1627/task/1638/fdinfo’: Permission denied
find: ‘/proc/1627/task/1638/ns’: Permission denied
find: ‘/proc/1627/task/1639/fd’: Permission denied
find: ‘/proc/1627/task/1639/fdinfo’: Permission denied
find: ‘/proc/1627/task/1639/ns’: Permission denied
find: ‘/proc/1627/fd’: Permission denied
find: ‘/proc/1627/map_files’: Permission denied
find: ‘/proc/1627/fdinfo’: Permission denied
find: ‘/proc/1627/ns’: Permission denied
find: ‘/proc/1629/task/1629/fd’: Permission denied
find: ‘/proc/1629/task/1629/fdinfo’: Permission denied
find: ‘/proc/1629/task/1629/ns’: Permission denied
find: ‘/proc/1629/task/1730/fd’: Permission denied
find: ‘/proc/1629/task/1730/fdinfo’: Permission denied
find: ‘/proc/1629/task/1730/ns’: Permission denied
find: ‘/proc/1629/task/1731/fd’: Permission denied
find: ‘/proc/1629/task/1731/fdinfo’: Permission denied
find: ‘/proc/1629/task/1731/ns’: Permission denied
find: ‘/proc/1629/fd’: Permission denied
find: ‘/proc/1629/map_files’: Permission denied
find: ‘/proc/1629/fdinfo’: Permission denied
find: ‘/proc/1629/ns’: Permission denied
find: ‘/proc/1632/task/1632/fd’: Permission denied
find: ‘/proc/1632/task/1632/fdinfo’: Permission denied
find: ‘/proc/1632/task/1632/ns’: Permission denied
find: ‘/proc/1632/task/1633/fd’: Permission denied
find: ‘/proc/1632/task/1633/fdinfo’: Permission denied
find: ‘/proc/1632/task/1633/ns’: Permission denied
find: ‘/proc/1632/task/1635/fd’: Permission denied
find: ‘/proc/1632/task/1635/fdinfo’: Permission denied
find: ‘/proc/1632/task/1635/ns’: Permission denied
find: ‘/proc/1632/fd’: Permission denied
find: ‘/proc/1632/map_files’: Permission denied
find: ‘/proc/1632/fdinfo’: Permission denied
find: ‘/proc/1632/ns’: Permission denied
find: ‘/proc/1644/task/1644/fd’: Permission denied
find: ‘/proc/1644/task/1644/fdinfo’: Permission denied
find: ‘/proc/1644/task/1644/ns’: Permission denied
find: ‘/proc/1644/task/1654/fd’: Permission denied
find: ‘/proc/1644/task/1654/fdinfo’: Permission denied
find: ‘/proc/1644/task/1654/ns’: Permission denied
find: ‘/proc/1644/task/1656/fd’: Permission denied
find: ‘/proc/1644/task/1656/fdinfo’: Permission denied
find: ‘/proc/1644/task/1656/ns’: Permission denied
find: ‘/proc/1644/fd’: Permission denied
find: ‘/proc/1644/map_files’: Permission denied
find: ‘/proc/1644/fdinfo’: Permission denied
find: ‘/proc/1644/ns’: Permission denied
find: ‘/proc/1645/task/1645/fd’: Permission denied
find: ‘/proc/1645/task/1645/fdinfo’: Permission denied
find: ‘/proc/1645/task/1645/ns’: Permission denied
find: ‘/proc/1645/task/1670/fd’: Permission denied
find: ‘/proc/1645/task/1670/fdinfo’: Permission denied
find: ‘/proc/1645/task/1670/ns’: Permission denied
find: ‘/proc/1645/task/1671/fd’: Permission denied
find: ‘/proc/1645/task/1671/fdinfo’: Permission denied
find: ‘/proc/1645/task/1671/ns’: Permission denied
find: ‘/proc/1645/fd’: Permission denied
find: ‘/proc/1645/map_files’: Permission denied
find: ‘/proc/1645/fdinfo’: Permission denied
find: ‘/proc/1645/ns’: Permission denied
find: ‘/proc/1646/task/1646/fd’: Permission denied
find: ‘/proc/1646/task/1646/fdinfo’: Permission denied
find: ‘/proc/1646/task/1646/ns’: Permission denied
find: ‘/proc/1646/task/1714/fd’: Permission denied
find: ‘/proc/1646/task/1714/fdinfo’: Permission denied
find: ‘/proc/1646/task/1714/ns’: Permission denied
find: ‘/proc/1646/task/1715/fd’: Permission denied
find: ‘/proc/1646/task/1715/fdinfo’: Permission denied
find: ‘/proc/1646/task/1715/ns’: Permission denied
find: ‘/proc/1646/task/1738/fd’: Permission denied
find: ‘/proc/1646/task/1738/fdinfo’: Permission denied
find: ‘/proc/1646/task/1738/ns’: Permission denied
find: ‘/proc/1646/fd’: Permission denied
find: ‘/proc/1646/map_files’: Permission denied
find: ‘/proc/1646/fdinfo’: Permission denied
find: ‘/proc/1646/ns’: Permission denied
find: ‘/proc/1647/task/1647/fd’: Permission denied
find: ‘/proc/1647/task/1647/fdinfo’: Permission denied
find: ‘/proc/1647/task/1647/ns’: Permission denied
find: ‘/proc/1647/task/1652/fd’: Permission denied
find: ‘/proc/1647/task/1652/fdinfo’: Permission denied
find: ‘/proc/1647/task/1652/ns’: Permission denied
find: ‘/proc/1647/task/1653/fd’: Permission denied
find: ‘/proc/1647/task/1653/fdinfo’: Permission denied
find: ‘/proc/1647/task/1653/ns’: Permission denied

f
find: ‘/proc/2645/fd’: Permission denied
find: ‘/proc/2645/map_files’: Permission denied
find: ‘/proc/2645/fdinfo’: Permission denied
find: ‘/proc/2645/ns’: Permission denied
find: ‘/proc/2658/task/2658/fd’: Permission denied
find: ‘/proc/2658/task/2658/fdinfo’: Permission denied
find: ‘/proc/2658/task/2658/ns’: Permission denied
find: ‘/proc/2658/fd’: Permission denied
find: ‘/proc/2658/map_files’: Permission denied
find: ‘/proc/2658/fdinfo’: Permission denied
find: ‘/proc/2658/ns’: Permission denied
find: ‘/proc/2672/task/2672/fd’: Permission denied
find: ‘/proc/2672/task/2672/fdinfo’: Permission denied
find: ‘/proc/2672/task/2672/ns’: Permission denied
find: ‘/proc/2672/fd’: Permission denied
find: ‘/proc/2672/map_files’: Permission denied
find: ‘/proc/2672/fdinfo’: Permission denied
find: ‘/proc/2672/ns’: Permission denied
find: ‘/run/gdm3’: Permission denied
find: ‘/run/udisks2’: Permission denied
find: ‘/run/cups/certs’: Permission denied
find: ‘/run/user/120’: Permission denied
find: ‘/run/sudo’: Permission denied
find: ‘/run/systemd/unit-root’: Permission denied
find: ‘/run/systemd/resolve/netif’: Permission denied
find: ‘/run/systemd/inaccessible’: Permission denied
find: ‘/opt/lampp/var/mysql/rincy’: Permission denied
find: ‘/opt/lampp/var/mysql/student1’: Permission denied
find: ‘/opt/lampp/var/mysql/performance_schema’: Permission denied
find: ‘/opt/lampp/var/mysql/bakery’: Permission denied
find: ‘/opt/lampp/var/mysql/bio1’: Permission denied
find: ‘/opt/lampp/var/mysql/mysql’: Permission denied
find: ‘/opt/lampp/var/mysql/student’: Permission denied
find: ‘/opt/lampp/var/mysql/stud’: Permission denied
find: ‘/opt/lampp/var/mysql/test’: Permission denied
find: ‘/opt/lampp/var/mysql/phpmyadmin’: Permission denied
find: ‘/opt/lampp/var/mysql/exam’: Permission denied
find: ‘/opt/lampp/var/mysql/book1’: Permission denied
find: ‘/opt/lampp/var/mysql/student3’: Permission denied
find: ‘/opt/lampp/phpmyadmin/tmp/twig’: Permission denied
find: ‘/sys/kernel/debug’: Permission denied
find: ‘/sys/fs/pstore’: Permission denied
find: ‘/home/mca/.ssh’: Permission denied
find: ‘/home/mca/.java/.userPrefs’: Permission denied
find: ‘/home/mca/.cache’: Permission denied
find: ‘/home/mca/.dbus’: Permission denied
find: ‘/home/mca/.config’: Permission denied
find: ‘/home/mca/.mozilla’: Permission denied
find: ‘/home/mca/.gnupg’: Permission denied
find: ‘/home/mca/.local’: Permission denied
find: ‘/home/android/.ssh’: Permission denied
find: ‘/home/android/AndroidStudioProjects/calculator/app/build/generated/source/r/debug/com’: Permission denied
find: ‘/home/android/AndroidStudioProjects/dany/app/build/generated/source/r/debug/com’: Permission denied
find: ‘/home/android/AndroidStudioProjects/num/app/build/generated/source/r/debug/com’: Permission denied
find: ‘/home/android/AndroidStudioProjects/numm/app/build/generated/source/r/debug/com’: Permission denied
find: ‘/home/android/AndroidStudioProjects/calculator3/app/build/generated/source/r/debug/com’: Permission denied
find: ‘/home/android/AndroidStudioProjects/calc/app/build/generated/source/r/debug/com’: Permission denied
find: ‘/home/android/AndroidStudioProjects/calculator2/app/build/generated/source/r/debug/com’: Permission denied
find: ‘/home/android/AndroidStudioProjects/calu/app/build/generated/source/r/debug/com’: Permission denied
find: ‘/home/android/AndroidStudioProjects/Two/app/build/generated/source/r/debug/com’: Permission denied
find: ‘/home/android/AndroidStudioProjects/MyApplication2/app/build/generated/source/r/debug/com’: Permission denied
find: ‘/home/android/AndroidStudioProjects/listview/app/build/generated/source/r/debug/com’: Permission denied
find: ‘/home/android/AndroidStudioProjects/sql/app/build/generated/source/r/debug/com’: Permission denied
find: ‘/home/android/AndroidStudioProjects/student/app/build/generated/source/r/debug/com’: Permission denied
find: ‘/home/android/AndroidStudioProjects/addnum/app/build/generated/source/r/debug/com’: Permission denied
find: ‘/home/android/AndroidStudioProjects/MyCalculator/app/build/generated/source/r/debug/com’: Permission denied
find: ‘/home/android/AndroidStudioProjects/sql2/app/build/generated/source/r/debug/com’: Permission denied
find: ‘/home/android/AndroidStudioProjects/calculator5/app/build/generated/source/r/debug/com’: Permission denied
find: ‘/home/android/AndroidStudioProjects/MyApp/app/build/generated/source/r/debug/com’: Permission denied
find: ‘/home/android/AndroidStudioProjects/MyApplication/app/build/generated/source/r/debug/com’: Permission denied
find: ‘/home/android/AndroidStudioProjects/login1/app/build/generated/source/r/debug/com’: Permission denied
find: ‘/home/android/.java/.userPrefs’: Permission denied
find: ‘/home/android/.cache’: Permission denied
find: ‘/home/android/.config’: Permission denied
find: ‘/home/android/.mozilla’: Permission denied
find: ‘/home/android/.gnupg’: Permission denied
find: ‘/home/android/.local’: Permission denied
find: ‘/home/android/.gradle/daemon/4.4’: Permission denied
find: ‘/home/android/.gnome’: Permission denied
find: ‘/etc/chatscripts’: Permission denied
find: ‘/etc/ppp/peers’: Permission denied
find: ‘/etc/cups/ssl’: Permission denied
find: ‘/etc/ssl/private’: Permission denied
find: ‘/etc/polkit-1/localauthority’: Permission denied
find: ‘/root’: Permission denied
find: ‘/snap/core/6350/etc/chatscripts’: Permission denied
find: ‘/snap/core/6350/etc/ppp/peers’: Permission denied
find: ‘/snap/core/6350/etc/ssl/private’: Permission denied
find: ‘/snap/core/6350/root’: Permission denied
find: ‘/snap/core/6350/var/cache/ldconfig’: Permission denied
find: ‘/snap/core/6350/var/lib/machines’: Permission denied
find: ‘/snap/core/6350/var/lib/waagent’: Permission denied
find: ‘/snap/core/6350/var/spool/cron/crontabs’: Permission denied
find: ‘/snap/core/6350/var/spool/rsyslog’: Permission denied
find: ‘/snap/core/6405/etc/chatscripts’: Permission denied
find: ‘/snap/core/6405/etc/ppp/peers’: Permission denied
find: ‘/snap/core/6405/etc/ssl/private’: Permission denied
find: ‘/snap/core/6405/root’: Permission denied
find: ‘/snap/core/6405/var/cache/ldconfig’: Permission denied
find: ‘/snap/core/6405/var/lib/machines’: Permission denied
find: ‘/snap/core/6405/var/lib/waagent’: Permission denied
find: ‘/snap/core/6405/var/spool/cron/crontabs’: Permission denied
find: ‘/snap/core/6405/var/spool/rsyslog’: Permission denied
find: ‘/snap/core/6259/etc/chatscripts’: Permission denied
find: ‘/snap/core/6259/etc/ppp/peers’: Permission denied
find: ‘/snap/core/6259/etc/ssl/private’: Permission denied
find: ‘/snap/core/6259/root’: Permission denied
find: ‘/snap/core/6259/var/cache/ldconfig’: Permission denied
find: ‘/snap/core/6259/var/lib/machines’: Permission denied
find: ‘/snap/core/6259/var/lib/waagent’: Permission denied
find: ‘/snap/core/6259/var/spool/cron/crontabs’: Permission denied
find: ‘/snap/core/6259/var/spool/rsyslog’: Permission denied
find: ‘/var/lib/fwupd/gnupg’: Permission denied
find: ‘/var/lib/private’: Permission denied
find: ‘/var/lib/gdm3/.cache/libgweather’: Permission denied
find: ‘/var/lib/gdm3/.config/gnome-session’: Permission denied
find: ‘/var/lib/gdm3/.config/pulse’: Permission denied
find: ‘/var/lib/gdm3/.config/ibus’: Permission denied
find: ‘/var/lib/gdm3/.gnupg’: Permission denied
find: ‘/var/lib/gdm3/.local’: Permission denied
find: ‘/var/lib/geoclue/.cache’: Permission denied
find: ‘/var/lib/php/sessions’: Permission denied
find: ‘/var/lib/update-notifier/package-data-downloads/partial’: Permission denied
find: ‘/var/lib/snapd/cookie’: Permission denied
find: ‘/var/lib/snapd/cache’: Permission denied
find: ‘/var/lib/colord/.cache’: Permission denied
find: ‘/var/lib/apt/lists/partial’: Permission denied
find: ‘/var/lib/polkit-1’: Permission denied
find: ‘/var/lib/udisks2’: Permission denied
find: ‘/var/tmp/systemd-private-11fcb83783bd4c41982d9f9d846f79e1-fwupd.service-j4ptla’: Permission denied
find: ‘/var/tmp/systemd-private-11fcb83783bd4c41982d9f9d846f79e1-bolt.service-w7A7e0’: Permission denied
find: ‘/var/tmp/systemd-private-11fcb83783bd4c41982d9f9d846f79e1-systemd-resolved.service-sB7oIB’: Permission denied
find: ‘/var/tmp/systemd-private-11fcb83783bd4c41982d9f9d846f79e1-systemd-timesyncd.service-t7tpqU’: Permission denied
find: ‘/var/tmp/systemd-private-11fcb83783bd4c41982d9f9d846f79e1-rtkit-daemon.service-QuFcxC’: Permission denied
find: ‘/var/tmp/systemd-private-11fcb83783bd4c41982d9f9d846f79e1-colord.service-36ZT9i’: Permission denied
find: ‘/var/spool/cron/crontabs’: Permission denied
find: ‘/var/spool/cups’: Permission denied
find: ‘/var/spool/rsyslog’: Permission denied
find: ‘/var/cache/ldconfig’: Permission denied
find: ‘/var/cache/cups’: Permission denied
find: ‘/var/cache/apt/archives/partial’: Permission denied
find: ‘/var/log/gdm3’: Permission denied
find: ‘/var/log/speech-dispatcher’: Permission denied
find: ‘/var/log/unattended-upgrades’: Permission denied
find: ‘/lost+found’: Permission denied
student@T5:~/ajce/mca/lmca$ cd ..
student@T5:~/ajce/mca$ cd rmca
student@T5:~/ajce/mca/rmca$ touch p1.txt
student@T5:~/ajce/mca/rmca$ touch p2.txt
student@T5:~/ajce/mca/rmca$ touch p3.txt
student@T5:~/ajce/mca/rmca$ cd ..
student@T5:~/ajce/mca$ cd lmca
student@T5:~/ajce/mca/lmca$ touch f1.txt
student@T5:~/ajce/mca/lmca$ toch f2.txt

Command 'toch' not found, did you mean:

  command 'loch' from deb therion-viewer
  command 'touch' from deb coreutils

Try: apt install <deb name>

student@T5:~/ajce/mca/lmca$ touch f2.txt
student@T5:~/ajce/mca/lmca$ touch f3.txt
student@T5:~/ajce/mca/lmca$  cat > p2.txt
hjgbgsbjhgbs
fgh^Z
[3]+  Stopped                 cat > p2.txt
student@T5:~/ajce/mca/lmca$ touch 3.txt
student@T5:~/ajce/mca/lmca$ cat > p3.txt
jhgzjhAGV
jkhgb^Z
[4]+  Stopped                 cat > p3.txt
student@T5:~/ajce/mca/lmca$ cat > p4.txt
jbghujhgv
jhgbuyj^Z
[5]+  Stopped                 cat > p4.txt
student@T5:~/ajce/mca/lmca$ tar -czvf p234.tar.gz *.txt
3.txt
demo.txt
f1.txt
f2.txt
f3.txt
F3.txt
ga.txt
lla.txt
ll.txt
n1.txt
name.txt
p2.txt
p3.txt
p4.txt
place.txt
student@T5:~/ajce/mca/lmca$ ls
3.txt    demo.txt  f2.txt  F3.txt  id101  lla.txt  n1.txt    p234.tar.gz  p3.txt  place.txt
ac.text  f1.txt    f3.txt  ga.txt  id102  ll.txt   name.txt  p2.txt       p4.txt
student@T5:~/ajce/mca/lmca$ tar -xzvf p234.tar.gz *.txt
3.txt
demo.txt
f1.txt
f2.txt
f3.txt
F3.txt
ga.txt
lla.txt
ll.txt
n1.txt
name.txt
p2.txt
p3.txt
p4.txt
place.txt
student@T5:~/ajce/mca/lmca$ tar -czvf p234.tar.gz *.txt
3.txt
demo.txt
f1.txt
f2.txt
f3.txt
F3.txt
ga.txt
lla.txt
ll.txt
n1.txt
name.txt
p2.txt
p3.txt
p4.txt
place.txt
student@T5:~/ajce/mca/lmca$ tar -czf p234.tar.gz *.txt
student@T5:~/ajce/mca/lmca$ tar -xzf p234.tar.gz *.txt
student@T5:~/ajce/mca/lmca$ tar -xzf 1p23.tar.gz *.txt
tar (child): 1p23.tar.gz: Cannot open: No such file or directory
tar (child): Error is not recoverable: exiting now
tar: Child returned status 2
tar: Error is not recoverable: exiting now
student@T5:~/ajce/mca/lmca$ tar -xzf p123.tar.gz *.txt
tar (child): p123.tar.gz: Cannot open: No such file or directory
tar (child): Error is not recoverable: exiting now
tar: Child returned status 2
tar: Error is not recoverable: exiting now
student@T5:~/ajce/mca/lmca$ 

